#
# There is insufficient memory for the Java Runtime Environment to continue.
# Native memory allocation (mmap) failed to map 293601280 bytes for G1 virtual space
# Possible reasons:
#   The system is out of physical RAM or swap space
#   The process is running with CompressedOops enabled, and the Java Heap may be blocking the growth of the native heap
# Possible solutions:
#   Reduce memory load on the system
#   Increase physical memory or swap space
#   Check if swap backing store is full
#   Decrease Java heap size (-Xmx/-Xms)
#   Decrease number of Java threads
#   Decrease Java thread stack sizes (-Xss)
#   Set larger code cache with -XX:ReservedCodeCacheSize=
#   JVM is running with Unscaled Compressed Oops mode in which the Java heap is
#     placed in the first 4GB address space. The Java Heap base address is the
#     maximum limit for the native heap growth. Please use -XX:HeapBaseMinAddress
#     to set the Java Heap base and to place the Java Heap above 4GB virtual address.
# This output file may be truncated or incomplete.
#
#  Out of Memory Error (os_windows.cpp:3548), pid=23248, tid=26732
#
# JRE version: Java(TM) SE Runtime Environment (17.0.12+8) (build 17.0.12+8-LTS-286)
# Java VM: Java HotSpot(TM) 64-Bit Server VM (17.0.12+8-LTS-286, mixed mode, emulated-client, sharing, tiered, compressed oops, compressed class ptrs, g1 gc, windows-amd64)
# No core dump will be written. Minidumps are not enabled by default on client versions of Windows
#

---------------  S U M M A R Y ------------

Command Line: -XX:TieredStopAtLevel=1 -Dspring.output.ansi.enabled=always -Dcom.sun.management.jmxremote -Dspring.jmx.enabled=true -Dspring.liveBeansView.mbeanDomain -Dspring.application.admin.enabled=true -Dmanagement.endpoints.jmx.exposure.include=* -javaagent:C:\Program Files\JetBrains\IntelliJ IDEA 2025.2.1\lib\idea_rt.jar=59702 -Dfile.encoding=UTF-8 tn.sage.rh.RhApplication

Host: Intel(R) Core(TM) Ultra 5 125U, 14 cores, 7G,  Windows 10 , 64 bit Build 19041 (10.0.19041.5915)
Time: Mon Apr 13 14:27:32 2026 Afr. centrale Ouest elapsed time: 22.616253 seconds (0d 0h 0m 22s)

---------------  T H R E A D  ---------------

Current thread (0x0000028ad1bcb570):  VMThread "VM Thread" [stack: 0x000000a7d8700000,0x000000a7d8800000] [id=26732]

Stack: [0x000000a7d8700000,0x000000a7d8800000]
Native frames: (J=compiled Java code, j=interpreted, Vv=VM code, C=native code)
V  [jvm.dll+0x67a04a]
V  [jvm.dll+0x7da4ed]
V  [jvm.dll+0x7dbe33]
V  [jvm.dll+0x7dc4a3]
V  [jvm.dll+0x24508f]
V  [jvm.dll+0x677089]
V  [jvm.dll+0x66bd32]
V  [jvm.dll+0x301fa6]
V  [jvm.dll+0x309546]
V  [jvm.dll+0x359d2e]
V  [jvm.dll+0x359f5f]
V  [jvm.dll+0x2d9078]
V  [jvm.dll+0x2d74ad]
V  [jvm.dll+0x2d6afc]
V  [jvm.dll+0x31a65b]
V  [jvm.dll+0x7e0d9b]
V  [jvm.dll+0x7e1ad4]
V  [jvm.dll+0x7e1fed]
V  [jvm.dll+0x7e23c4]
V  [jvm.dll+0x7e2490]
V  [jvm.dll+0x78abea]
V  [jvm.dll+0x678f35]
C  [ucrtbase.dll+0x21bb2]
C  [KERNEL32.DLL+0x17374]
C  [ntdll.dll+0x4cc91]

VM_Operation (0x000000a7d81f6da0): G1CollectForAllocation, mode: safepoint, requested by thread 0x0000028abf9f57e0


---------------  P R O C E S S  ---------------

Threads class SMR info:
_java_thread_list=0x0000028b182ef8a0, length=22, elements={
0x0000028abf9f57e0, 0x0000028ad1bd0ff0, 0x0000028ad1bd1b80, 0x0000028ad1be66c0,
0x0000028ad1be6f90, 0x0000028ad1be7860, 0x0000028ad1be8130, 0x0000028ad1be91a0,
0x0000028ad1bee690, 0x0000028ad1bba0f0, 0x0000028b174b9100, 0x0000028b174bb5f0,
0x0000028b1761bf60, 0x0000028b185d43a0, 0x0000028b186c0130, 0x0000028b1870ef30,
0x0000028b1872bec0, 0x0000028b1872c8e0, 0x0000028b1872d810, 0x0000028b18ca9300,
0x0000028b18ca6f90, 0x0000028b18ca9810
}

Java Threads: ( => current thread )
  0x0000028abf9f57e0 JavaThread "main" [_thread_blocked, id=2960, stack(0x000000a7d8100000,0x000000a7d8200000)]
  0x0000028ad1bd0ff0 JavaThread "Reference Handler" daemon [_thread_blocked, id=10960, stack(0x000000a7d8800000,0x000000a7d8900000)]
  0x0000028ad1bd1b80 JavaThread "Finalizer" daemon [_thread_blocked, id=29216, stack(0x000000a7d8900000,0x000000a7d8a00000)]
  0x0000028ad1be66c0 JavaThread "Signal Dispatcher" daemon [_thread_blocked, id=26200, stack(0x000000a7d8a00000,0x000000a7d8b00000)]
  0x0000028ad1be6f90 JavaThread "Attach Listener" daemon [_thread_blocked, id=12212, stack(0x000000a7d8b00000,0x000000a7d8c00000)]
  0x0000028ad1be7860 JavaThread "Service Thread" daemon [_thread_blocked, id=27136, stack(0x000000a7d8c00000,0x000000a7d8d00000)]
  0x0000028ad1be8130 JavaThread "Monitor Deflation Thread" daemon [_thread_blocked, id=18284, stack(0x000000a7d8d00000,0x000000a7d8e00000)]
  0x0000028ad1be91a0 JavaThread "C1 CompilerThread0" daemon [_thread_blocked, id=9252, stack(0x000000a7d8e00000,0x000000a7d8f00000)]
  0x0000028ad1bee690 JavaThread "Sweeper thread" daemon [_thread_blocked, id=29188, stack(0x000000a7d8f00000,0x000000a7d9000000)]
  0x0000028ad1bba0f0 JavaThread "Common-Cleaner" daemon [_thread_blocked, id=27408, stack(0x000000a7d9000000,0x000000a7d9100000)]
  0x0000028b174b9100 JavaThread "Monitor Ctrl-Break" daemon [_thread_in_native, id=23156, stack(0x000000a7d9100000,0x000000a7d9200000)]
  0x0000028b174bb5f0 JavaThread "Notification Thread" daemon [_thread_blocked, id=24084, stack(0x000000a7d9200000,0x000000a7d9300000)]
  0x0000028b1761bf60 JavaThread "RMI TCP Accept-0" daemon [_thread_in_native, id=23600, stack(0x000000a7d9300000,0x000000a7d9400000)]
  0x0000028b185d43a0 JavaThread "RMI TCP Connection(1)-192.168.5.46" daemon [_thread_in_native, id=19028, stack(0x000000a7d9b00000,0x000000a7d9c00000)]
  0x0000028b186c0130 JavaThread "RMI Scheduler(0)" daemon [_thread_blocked, id=24704, stack(0x000000a7da300000,0x000000a7da400000)]
  0x0000028b1870ef30 JavaThread "JMX server connection timeout 23" daemon [_thread_blocked, id=23864, stack(0x000000a7da400000,0x000000a7da500000)]
  0x0000028b1872bec0 JavaThread "PostgreSQL-JDBC-Cleaner" daemon [_thread_blocked, id=18188, stack(0x000000a7da600000,0x000000a7da700000)]
  0x0000028b1872c8e0 JavaThread "HikariPool-1:housekeeper" daemon [_thread_blocked, id=25672, stack(0x000000a7da700000,0x000000a7da800000)]
  0x0000028b1872d810 JavaThread "Catalina-utility-1" [_thread_blocked, id=9956, stack(0x000000a7da800000,0x000000a7da900000)]
  0x0000028b18ca9300 JavaThread "Catalina-utility-2" [_thread_blocked, id=11612, stack(0x000000a7da900000,0x000000a7daa00000)]
  0x0000028b18ca6f90 JavaThread "container-0" [_thread_blocked, id=3076, stack(0x000000a7daa00000,0x000000a7dab00000)]
  0x0000028b18ca9810 JavaThread "RMI TCP Connection(2)-192.168.5.46" daemon [_thread_blocked, id=10108, stack(0x000000a7dae00000,0x000000a7daf00000)]

Other Threads:
=>0x0000028ad1bcb570 VMThread "VM Thread" [stack: 0x000000a7d8700000,0x000000a7d8800000] [id=26732]
  0x0000028b17611050 WatcherThread [stack: 0x000000a7d9400000,0x000000a7d9500000] [id=24368]
  0x0000028abfa4e810 GCTaskThread "GC Thread#0" [stack: 0x000000a7d8200000,0x000000a7d8300000] [id=26216]
  0x0000028b179a7250 GCTaskThread "GC Thread#1" [stack: 0x000000a7d9500000,0x000000a7d9600000] [id=2112]
  0x0000028b17919e00 GCTaskThread "GC Thread#2" [stack: 0x000000a7d9600000,0x000000a7d9700000] [id=23556]
  0x0000028b179b4e20 GCTaskThread "GC Thread#3" [stack: 0x000000a7d9700000,0x000000a7d9800000] [id=25628]
  0x0000028b17a14010 GCTaskThread "GC Thread#4" [stack: 0x000000a7d9800000,0x000000a7d9900000] [id=10532]
  0x0000028b17a142d0 GCTaskThread "GC Thread#5" [stack: 0x000000a7d9900000,0x000000a7d9a00000] [id=29012]
  0x0000028b17a14590 GCTaskThread "GC Thread#6" [stack: 0x000000a7d9a00000,0x000000a7d9b00000] [id=10776]
  0x0000028b17fc4470 GCTaskThread "GC Thread#7" [stack: 0x000000a7d9c00000,0x000000a7d9d00000] [id=25768]
  0x0000028b18008580 GCTaskThread "GC Thread#8" [stack: 0x000000a7d9d00000,0x000000a7d9e00000] [id=27624]
  0x0000028b18008840 GCTaskThread "GC Thread#9" [stack: 0x000000a7d9e00000,0x000000a7d9f00000] [id=7360]
  0x0000028b1834a620 GCTaskThread "GC Thread#10" [stack: 0x000000a7da000000,0x000000a7da100000] [id=2812]
  0x0000028abfa5f580 ConcurrentGCThread "G1 Main Marker" [stack: 0x000000a7d8300000,0x000000a7d8400000] [id=26564]
  0x0000028abfa5fea0 ConcurrentGCThread "G1 Conc#0" [stack: 0x000000a7d8400000,0x000000a7d8500000] [id=4276]
  0x0000028b183b1110 ConcurrentGCThread "G1 Conc#1" [stack: 0x000000a7da100000,0x000000a7da200000] [id=29092]
  0x0000028b1849e9d0 ConcurrentGCThread "G1 Conc#2" [stack: 0x000000a7da200000,0x000000a7da300000] [id=25460]
  0x0000028abfabe9a0 ConcurrentGCThread "G1 Refine#0" [stack: 0x000000a7d8500000,0x000000a7d8600000] [id=14300]
  0x0000028b18950880 ConcurrentGCThread "G1 Refine#1" [stack: 0x000000a7dab00000,0x000000a7dac00000] [id=20700]
  0x0000028b18951d10 ConcurrentGCThread "G1 Refine#2" [stack: 0x000000a7dac00000,0x000000a7dad00000] [id=4704]
  0x0000028b1a632100 ConcurrentGCThread "G1 Refine#3" [stack: 0x000000a7d9f00000,0x000000a7da000000] [id=6588]
  0x0000028b1a633590 ConcurrentGCThread "G1 Refine#4" [stack: 0x000000a7dad00000,0x000000a7dae00000] [id=13124]
  0x0000028b1a6329d0 ConcurrentGCThread "G1 Refine#5" [stack: 0x000000a7daf00000,0x000000a7db000000] [id=22340]
  0x0000028b1a634730 ConcurrentGCThread "G1 Refine#6" [stack: 0x000000a7db000000,0x000000a7db100000] [id=6100]
  0x0000028ad1a864c0 ConcurrentGCThread "G1 Service" [stack: 0x000000a7d8600000,0x000000a7d8700000] [id=17692]

Threads with active compile tasks:

VM state: at safepoint (normal execution)

VM Mutex/Monitor currently owned by a thread:  ([mutex/lock_event])
[0x0000028abf9f1960] Threads_lock - owner thread: 0x0000028ad1bcb570
[0x0000028abf9f07f0] Heap_lock - owner thread: 0x0000028abf9f57e0

Heap address: 0x0000000088800000, size: 1912 MB, Compressed Oops mode: 32-bit

CDS archive(s) mapped at: [0x0000028ad2000000-0x0000028ad2bd0000-0x0000028ad2bd0000), size 12386304, SharedBaseAddress: 0x0000028ad2000000, ArchiveRelocationMode: 1.
Compressed class space mapped at: 0x0000028ad3000000-0x0000028b13000000, reserved size: 1073741824
Narrow klass base: 0x0000028ad2000000, Narrow klass shift: 0, Narrow klass range: 0x100000000

GC Precious Log:
 CPUs: 14 total, 14 available
 Memory: 7644M
 Large Page Support: Disabled
 NUMA Support: Disabled
 Compressed Oops: Enabled (32-bit)
 Heap Region Size: 1M
 Heap Min Capacity: 8M
 Heap Initial Capacity: 120M
 Heap Max Capacity: 1912M
 Pre-touch: Disabled
 Parallel Workers: 11
 Concurrent Workers: 3
 Concurrent Refinement Workers: 11
 Periodic GC: Disabled

Heap:
 garbage-first heap   total 286720K, used 144024K [0x0000000088800000, 0x0000000100000000)
  region size 1024K, 4 young (4096K), 4 survivors (4096K)
 Metaspace       used 71808K, committed 72512K, reserved 1114112K
  class space    used 10768K, committed 11072K, reserved 1048576K

Heap Regions: E=young(eden), S=young(survivor), O=old, HS=humongous(starts), HC=humongous(continues), CS=collection set, F=free, OA=open archive, CA=closed archive, TAMS=top-at-mark-start (previous, next)
|   0|0x0000000088800000, 0x0000000088900000, 0x0000000088900000|100%|HS|  |TAMS 0x0000000088900000, 0x0000000088800000| Complete 
|   1|0x0000000088900000, 0x0000000088a00000, 0x0000000088a00000|100%|HS|  |TAMS 0x0000000088a00000, 0x0000000088900000| Complete 
|   2|0x0000000088a00000, 0x0000000088b00000, 0x0000000088b00000|100%| O|  |TAMS 0x0000000088b00000, 0x0000000088a00000| Untracked 
|   3|0x0000000088b00000, 0x0000000088c00000, 0x0000000088c00000|100%| O|  |TAMS 0x0000000088c00000, 0x0000000088b00000| Untracked 
|   4|0x0000000088c00000, 0x0000000088d00000, 0x0000000088d00000|100%| O|  |TAMS 0x0000000088d00000, 0x0000000088c00000| Untracked 
|   5|0x0000000088d00000, 0x0000000088e00000, 0x0000000088e00000|100%| O|  |TAMS 0x0000000088e00000, 0x0000000088d00000| Untracked 
|   6|0x0000000088e00000, 0x0000000088f00000, 0x0000000088f00000|100%| O|  |TAMS 0x0000000088f00000, 0x0000000088e00000| Untracked 
|   7|0x0000000088f00000, 0x0000000089000000, 0x0000000089000000|100%| O|  |TAMS 0x0000000089000000, 0x0000000088f00000| Untracked 
|   8|0x0000000089000000, 0x0000000089100000, 0x0000000089100000|100%| O|  |TAMS 0x0000000089100000, 0x0000000089000000| Untracked 
|   9|0x0000000089100000, 0x0000000089200000, 0x0000000089200000|100%| O|  |TAMS 0x0000000089200000, 0x0000000089100000| Untracked 
|  10|0x0000000089200000, 0x0000000089300000, 0x0000000089300000|100%| O|  |TAMS 0x0000000089300000, 0x0000000089200000| Untracked 
|  11|0x0000000089300000, 0x0000000089400000, 0x0000000089400000|100%| O|  |TAMS 0x0000000089400000, 0x0000000089300000| Untracked 
|  12|0x0000000089400000, 0x0000000089500000, 0x0000000089500000|100%| O|  |TAMS 0x0000000089500000, 0x0000000089400000| Untracked 
|  13|0x0000000089500000, 0x0000000089600000, 0x0000000089600000|100%| O|  |TAMS 0x0000000089600000, 0x0000000089500000| Untracked 
|  14|0x0000000089600000, 0x0000000089700000, 0x0000000089700000|100%| O|  |TAMS 0x0000000089700000, 0x0000000089600000| Untracked 
|  15|0x0000000089700000, 0x0000000089800000, 0x0000000089800000|100%| O|  |TAMS 0x0000000089800000, 0x0000000089700000| Untracked 
|  16|0x0000000089800000, 0x0000000089900000, 0x0000000089900000|100%| O|  |TAMS 0x0000000089900000, 0x0000000089800000| Untracked 
|  17|0x0000000089900000, 0x0000000089a00000, 0x0000000089a00000|100%| O|  |TAMS 0x0000000089a00000, 0x0000000089900000| Untracked 
|  18|0x0000000089a00000, 0x0000000089b00000, 0x0000000089b00000|100%| O|  |TAMS 0x0000000089b00000, 0x0000000089a00000| Untracked 
|  19|0x0000000089b00000, 0x0000000089c00000, 0x0000000089c00000|100%| O|  |TAMS 0x0000000089c00000, 0x0000000089b00000| Untracked 
|  20|0x0000000089c00000, 0x0000000089d00000, 0x0000000089d00000|100%| O|  |TAMS 0x0000000089d00000, 0x0000000089c00000| Untracked 
|  21|0x0000000089d00000, 0x0000000089e00000, 0x0000000089e00000|100%| O|  |TAMS 0x0000000089e00000, 0x0000000089d00000| Untracked 
|  22|0x0000000089e00000, 0x0000000089f00000, 0x0000000089f00000|100%| O|  |TAMS 0x0000000089f00000, 0x0000000089e00000| Untracked 
|  23|0x0000000089f00000, 0x000000008a000000, 0x000000008a000000|100%| O|  |TAMS 0x000000008a000000, 0x0000000089f00000| Untracked 
|  24|0x000000008a000000, 0x000000008a100000, 0x000000008a100000|100%| O|  |TAMS 0x000000008a100000, 0x000000008a000000| Untracked 
|  25|0x000000008a100000, 0x000000008a200000, 0x000000008a200000|100%| O|  |TAMS 0x000000008a200000, 0x000000008a100000| Untracked 
|  26|0x000000008a200000, 0x000000008a300000, 0x000000008a300000|100%| O|  |TAMS 0x000000008a300000, 0x000000008a200000| Untracked 
|  27|0x000000008a300000, 0x000000008a400000, 0x000000008a400000|100%| O|  |TAMS 0x000000008a400000, 0x000000008a300000| Untracked 
|  28|0x000000008a400000, 0x000000008a500000, 0x000000008a500000|100%| O|  |TAMS 0x000000008a500000, 0x000000008a400000| Untracked 
|  29|0x000000008a500000, 0x000000008a600000, 0x000000008a600000|100%| O|  |TAMS 0x000000008a600000, 0x000000008a500000| Untracked 
|  30|0x000000008a600000, 0x000000008a700000, 0x000000008a700000|100%| O|  |TAMS 0x000000008a700000, 0x000000008a600000| Untracked 
|  31|0x000000008a700000, 0x000000008a800000, 0x000000008a800000|100%| O|  |TAMS 0x000000008a800000, 0x000000008a700000| Untracked 
|  32|0x000000008a800000, 0x000000008a900000, 0x000000008a900000|100%| O|  |TAMS 0x000000008a900000, 0x000000008a800000| Untracked 
|  33|0x000000008a900000, 0x000000008aa00000, 0x000000008aa00000|100%| O|  |TAMS 0x000000008aa00000, 0x000000008a900000| Untracked 
|  34|0x000000008aa00000, 0x000000008ab00000, 0x000000008ab00000|100%| O|  |TAMS 0x000000008ab00000, 0x000000008aa00000| Untracked 
|  35|0x000000008ab00000, 0x000000008ac00000, 0x000000008ac00000|100%| O|  |TAMS 0x000000008ac00000, 0x000000008ab00000| Untracked 
|  36|0x000000008ac00000, 0x000000008ad00000, 0x000000008ad00000|100%| O|  |TAMS 0x000000008ad00000, 0x000000008ac00000| Untracked 
|  37|0x000000008ad00000, 0x000000008ae00000, 0x000000008ae00000|100%| O|  |TAMS 0x000000008ae00000, 0x000000008ad00000| Untracked 
|  38|0x000000008ae00000, 0x000000008af00000, 0x000000008af00000|100%| O|  |TAMS 0x000000008af00000, 0x000000008ae00000| Untracked 
|  39|0x000000008af00000, 0x000000008b000000, 0x000000008b000000|100%| O|  |TAMS 0x000000008b000000, 0x000000008af00000| Untracked 
|  40|0x000000008b000000, 0x000000008b100000, 0x000000008b100000|100%| O|  |TAMS 0x000000008b100000, 0x000000008b000000| Untracked 
|  41|0x000000008b100000, 0x000000008b200000, 0x000000008b200000|100%| O|  |TAMS 0x000000008b200000, 0x000000008b100000| Untracked 
|  42|0x000000008b200000, 0x000000008b300000, 0x000000008b300000|100%| O|  |TAMS 0x000000008b300000, 0x000000008b200000| Untracked 
|  43|0x000000008b300000, 0x000000008b400000, 0x000000008b400000|100%| O|  |TAMS 0x000000008b400000, 0x000000008b300000| Untracked 
|  44|0x000000008b400000, 0x000000008b500000, 0x000000008b500000|100%| O|  |TAMS 0x000000008b4c0c00, 0x000000008b400000| Untracked 
|  45|0x000000008b500000, 0x000000008b600000, 0x000000008b600000|100%| O|  |TAMS 0x000000008b500000, 0x000000008b500000| Untracked 
|  46|0x000000008b600000, 0x000000008b700000, 0x000000008b700000|100%| O|  |TAMS 0x000000008b600000, 0x000000008b600000| Untracked 
|  47|0x000000008b700000, 0x000000008b800000, 0x000000008b800000|100%| O|  |TAMS 0x000000008b800000, 0x000000008b700000| Untracked 
|  48|0x000000008b800000, 0x000000008b900000, 0x000000008b900000|100%| O|  |TAMS 0x000000008b800000, 0x000000008b800000| Untracked 
|  49|0x000000008b900000, 0x000000008ba00000, 0x000000008ba00000|100%| O|  |TAMS 0x000000008b900000, 0x000000008b900000| Untracked 
|  50|0x000000008ba00000, 0x000000008bb00000, 0x000000008bb00000|100%| O|  |TAMS 0x000000008ba00000, 0x000000008ba00000| Untracked 
|  51|0x000000008bb00000, 0x000000008bc00000, 0x000000008bc00000|100%| O|  |TAMS 0x000000008bb00000, 0x000000008bb00000| Untracked 
|  52|0x000000008bc00000, 0x000000008bd00000, 0x000000008bd00000|100%| O|  |TAMS 0x000000008bc00000, 0x000000008bc00000| Untracked 
|  53|0x000000008bd00000, 0x000000008be00000, 0x000000008be00000|100%| O|  |TAMS 0x000000008be00000, 0x000000008bd00000| Untracked 
|  54|0x000000008be00000, 0x000000008bf00000, 0x000000008bf00000|100%| O|  |TAMS 0x000000008bf00000, 0x000000008be00000| Untracked 
|  55|0x000000008bf00000, 0x000000008c000000, 0x000000008c000000|100%| O|  |TAMS 0x000000008c000000, 0x000000008bf00000| Untracked 
|  56|0x000000008c000000, 0x000000008c100000, 0x000000008c100000|100%| O|  |TAMS 0x000000008c100000, 0x000000008c000000| Untracked 
|  57|0x000000008c100000, 0x000000008c200000, 0x000000008c200000|100%| O|  |TAMS 0x000000008c200000, 0x000000008c100000| Untracked 
|  58|0x000000008c200000, 0x000000008c300000, 0x000000008c300000|100%|HS|  |TAMS 0x000000008c200000, 0x000000008c200000| Complete 
|  59|0x000000008c300000, 0x000000008c400000, 0x000000008c400000|100%| O|  |TAMS 0x000000008c400000, 0x000000008c300000| Untracked 
|  60|0x000000008c400000, 0x000000008c500000, 0x000000008c500000|100%|HS|  |TAMS 0x000000008c400000, 0x000000008c400000| Complete 
|  61|0x000000008c500000, 0x000000008c600000, 0x000000008c600000|100%| O|  |TAMS 0x000000008c500000, 0x000000008c500000| Untracked 
|  62|0x000000008c600000, 0x000000008c700000, 0x000000008c700000|100%| O|  |TAMS 0x000000008c600000, 0x000000008c600000| Untracked 
|  63|0x000000008c700000, 0x000000008c800000, 0x000000008c800000|100%| O|  |TAMS 0x000000008c700000, 0x000000008c700000| Untracked 
|  64|0x000000008c800000, 0x000000008c900000, 0x000000008c900000|100%| O|  |TAMS 0x000000008c800000, 0x000000008c800000| Untracked 
|  65|0x000000008c900000, 0x000000008ca00000, 0x000000008ca00000|100%| O|  |TAMS 0x000000008c900000, 0x000000008c900000| Untracked 
|  66|0x000000008ca00000, 0x000000008cb00000, 0x000000008cb00000|100%| O|  |TAMS 0x000000008ca00000, 0x000000008ca00000| Untracked 
|  67|0x000000008cb00000, 0x000000008cc00000, 0x000000008cc00000|100%| O|  |TAMS 0x000000008cb00000, 0x000000008cb00000| Untracked 
|  68|0x000000008cc00000, 0x000000008cd00000, 0x000000008cd00000|100%| O|  |TAMS 0x000000008cc00000, 0x000000008cc00000| Untracked 
|  69|0x000000008cd00000, 0x000000008ce00000, 0x000000008ce00000|100%| O|  |TAMS 0x000000008cd00000, 0x000000008cd00000| Untracked 
|  70|0x000000008ce00000, 0x000000008cf00000, 0x000000008cf00000|100%| O|  |TAMS 0x000000008ce00000, 0x000000008ce00000| Untracked 
|  71|0x000000008cf00000, 0x000000008d000000, 0x000000008d000000|100%| O|  |TAMS 0x000000008cf00000, 0x000000008cf00000| Untracked 
|  72|0x000000008d000000, 0x000000008d100000, 0x000000008d100000|100%| O|  |TAMS 0x000000008d000000, 0x000000008d000000| Untracked 
|  73|0x000000008d100000, 0x000000008d200000, 0x000000008d200000|100%| O|  |TAMS 0x000000008d100000, 0x000000008d100000| Untracked 
|  74|0x000000008d200000, 0x000000008d300000, 0x000000008d300000|100%| O|  |TAMS 0x000000008d200000, 0x000000008d200000| Untracked 
|  75|0x000000008d300000, 0x000000008d400000, 0x000000008d400000|100%| O|  |TAMS 0x000000008d300000, 0x000000008d300000| Untracked 
|  76|0x000000008d400000, 0x000000008d500000, 0x000000008d500000|100%| O|  |TAMS 0x000000008d400000, 0x000000008d400000| Untracked 
|  77|0x000000008d500000, 0x000000008d600000, 0x000000008d600000|100%| O|  |TAMS 0x000000008d600000, 0x000000008d500000| Untracked 
|  78|0x000000008d600000, 0x000000008d700000, 0x000000008d700000|100%| O|  |TAMS 0x000000008d700000, 0x000000008d600000| Untracked 
|  79|0x000000008d700000, 0x000000008d800000, 0x000000008d800000|100%| O|  |TAMS 0x000000008d800000, 0x000000008d700000| Untracked 
|  80|0x000000008d800000, 0x000000008d900000, 0x000000008d900000|100%| O|  |TAMS 0x000000008d900000, 0x000000008d800000| Untracked 
|  81|0x000000008d900000, 0x000000008da00000, 0x000000008da00000|100%| O|  |TAMS 0x000000008da00000, 0x000000008d900000| Untracked 
|  82|0x000000008da00000, 0x000000008db00000, 0x000000008db00000|100%| O|  |TAMS 0x000000008da00000, 0x000000008da00000| Untracked 
|  83|0x000000008db00000, 0x000000008dc00000, 0x000000008dc00000|100%| O|  |TAMS 0x000000008db00000, 0x000000008db00000| Untracked 
|  84|0x000000008dc00000, 0x000000008dd00000, 0x000000008dd00000|100%| O|  |TAMS 0x000000008dc00000, 0x000000008dc00000| Untracked 
|  85|0x000000008dd00000, 0x000000008de00000, 0x000000008de00000|100%| O|  |TAMS 0x000000008dd00000, 0x000000008dd00000| Untracked 
|  86|0x000000008de00000, 0x000000008df00000, 0x000000008df00000|100%| O|  |TAMS 0x000000008de00000, 0x000000008de00000| Untracked 
|  87|0x000000008df00000, 0x000000008e000000, 0x000000008e000000|100%| O|  |TAMS 0x000000008df00000, 0x000000008df00000| Untracked 
|  88|0x000000008e000000, 0x000000008e100000, 0x000000008e100000|100%| O|  |TAMS 0x000000008e000000, 0x000000008e000000| Untracked 
|  89|0x000000008e100000, 0x000000008e200000, 0x000000008e200000|100%| O|  |TAMS 0x000000008e100000, 0x000000008e100000| Untracked 
|  90|0x000000008e200000, 0x000000008e300000, 0x000000008e300000|100%| O|  |TAMS 0x000000008e200000, 0x000000008e200000| Untracked 
|  91|0x000000008e300000, 0x000000008e400000, 0x000000008e400000|100%| O|  |TAMS 0x000000008e300000, 0x000000008e300000| Untracked 
|  92|0x000000008e400000, 0x000000008e500000, 0x000000008e500000|100%| O|  |TAMS 0x000000008e400000, 0x000000008e400000| Untracked 
|  93|0x000000008e500000, 0x000000008e600000, 0x000000008e600000|100%| O|  |TAMS 0x000000008e500000, 0x000000008e500000| Untracked 
|  94|0x000000008e600000, 0x000000008e700000, 0x000000008e700000|100%| O|  |TAMS 0x000000008e600000, 0x000000008e600000| Untracked 
|  95|0x000000008e700000, 0x000000008e800000, 0x000000008e800000|100%| O|  |TAMS 0x000000008e700000, 0x000000008e700000| Untracked 
|  96|0x000000008e800000, 0x000000008e900000, 0x000000008e900000|100%| O|  |TAMS 0x000000008e800000, 0x000000008e800000| Untracked 
|  97|0x000000008e900000, 0x000000008ea00000, 0x000000008ea00000|100%| O|  |TAMS 0x000000008e900000, 0x000000008e900000| Untracked 
|  98|0x000000008ea00000, 0x000000008eb00000, 0x000000008eb00000|100%| O|  |TAMS 0x000000008ea00000, 0x000000008ea00000| Untracked 
|  99|0x000000008eb00000, 0x000000008ec00000, 0x000000008ec00000|100%| O|  |TAMS 0x000000008eb00000, 0x000000008eb00000| Untracked 
| 100|0x000000008ec00000, 0x000000008ed00000, 0x000000008ed00000|100%|HS|  |TAMS 0x000000008ec00000, 0x000000008ec00000| Complete 
| 101|0x000000008ed00000, 0x000000008ee00000, 0x000000008ee00000|100%|HC|  |TAMS 0x000000008ed00000, 0x000000008ed00000| Complete 
| 102|0x000000008ee00000, 0x000000008ef00000, 0x000000008ef00000|100%| O|  |TAMS 0x000000008ee00000, 0x000000008ee00000| Untracked 
| 103|0x000000008ef00000, 0x000000008f000000, 0x000000008f000000|100%| O|  |TAMS 0x000000008ef00000, 0x000000008ef00000| Untracked 
| 104|0x000000008f000000, 0x000000008f100000, 0x000000008f100000|100%| O|  |TAMS 0x000000008f000000, 0x000000008f000000| Untracked 
| 105|0x000000008f100000, 0x000000008f200000, 0x000000008f200000|100%| O|  |TAMS 0x000000008f100000, 0x000000008f100000| Untracked 
| 106|0x000000008f200000, 0x000000008f300000, 0x000000008f300000|100%| O|  |TAMS 0x000000008f200000, 0x000000008f200000| Untracked 
| 107|0x000000008f300000, 0x000000008f400000, 0x000000008f400000|100%| O|  |TAMS 0x000000008f300000, 0x000000008f300000| Untracked 
| 108|0x000000008f400000, 0x000000008f500000, 0x000000008f500000|100%| O|  |TAMS 0x000000008f400000, 0x000000008f400000| Untracked 
| 109|0x000000008f500000, 0x000000008f600000, 0x000000008f600000|100%| O|  |TAMS 0x000000008f500000, 0x000000008f500000| Untracked 
| 110|0x000000008f600000, 0x000000008f700000, 0x000000008f700000|100%| O|  |TAMS 0x000000008f600000, 0x000000008f600000| Untracked 
| 111|0x000000008f700000, 0x000000008f800000, 0x000000008f800000|100%| O|  |TAMS 0x000000008f700000, 0x000000008f700000| Untracked 
| 112|0x000000008f800000, 0x000000008f900000, 0x000000008f900000|100%| O|  |TAMS 0x000000008f800000, 0x000000008f800000| Untracked 
| 113|0x000000008f900000, 0x000000008fa00000, 0x000000008fa00000|100%| O|  |TAMS 0x000000008f900000, 0x000000008f900000| Untracked 
| 114|0x000000008fa00000, 0x000000008fb00000, 0x000000008fb00000|100%| O|  |TAMS 0x000000008fa00000, 0x000000008fa00000| Untracked 
| 115|0x000000008fb00000, 0x000000008fc00000, 0x000000008fc00000|100%| O|  |TAMS 0x000000008fb00000, 0x000000008fb00000| Untracked 
| 116|0x000000008fc00000, 0x000000008fd00000, 0x000000008fd00000|100%| O|  |TAMS 0x000000008fc00000, 0x000000008fc00000| Untracked 
| 117|0x000000008fd00000, 0x000000008fe00000, 0x000000008fe00000|100%| O|  |TAMS 0x000000008fd00000, 0x000000008fd00000| Untracked 
| 118|0x000000008fe00000, 0x000000008ff00000, 0x000000008ff00000|100%| O|  |TAMS 0x000000008fe00000, 0x000000008fe00000| Untracked 
| 119|0x000000008ff00000, 0x0000000090000000, 0x0000000090000000|100%| O|  |TAMS 0x000000008ff00000, 0x000000008ff00000| Untracked 
| 120|0x0000000090000000, 0x0000000090100000, 0x0000000090100000|100%| O|  |TAMS 0x0000000090000000, 0x0000000090000000| Untracked 
| 121|0x0000000090100000, 0x0000000090200000, 0x0000000090200000|100%| O|  |TAMS 0x0000000090100000, 0x0000000090100000| Untracked 
| 122|0x0000000090200000, 0x0000000090300000, 0x0000000090300000|100%| O|  |TAMS 0x0000000090200000, 0x0000000090200000| Untracked 
| 123|0x0000000090300000, 0x0000000090300000, 0x0000000090400000|  0%| F|  |TAMS 0x0000000090300000, 0x0000000090300000| Untracked 
| 124|0x0000000090400000, 0x0000000090400000, 0x0000000090500000|  0%| F|  |TAMS 0x0000000090400000, 0x0000000090400000| Untracked 
| 125|0x0000000090500000, 0x0000000090500000, 0x0000000090600000|  0%| F|  |TAMS 0x0000000090500000, 0x0000000090500000| Untracked 
| 126|0x0000000090600000, 0x0000000090600000, 0x0000000090700000|  0%| F|  |TAMS 0x0000000090600000, 0x0000000090600000| Untracked 
| 127|0x0000000090700000, 0x0000000090700000, 0x0000000090800000|  0%| F|  |TAMS 0x0000000090700000, 0x0000000090700000| Untracked 
| 128|0x0000000090800000, 0x0000000090900000, 0x0000000090900000|100%| O|  |TAMS 0x0000000090800000, 0x0000000090800000| Untracked 
| 129|0x0000000090900000, 0x0000000090a00000, 0x0000000090a00000|100%| O|  |TAMS 0x0000000090900000, 0x0000000090900000| Untracked 
| 130|0x0000000090a00000, 0x0000000090b00000, 0x0000000090b00000|100%| O|  |TAMS 0x0000000090a00000, 0x0000000090a00000| Untracked 
| 131|0x0000000090b00000, 0x0000000090c00000, 0x0000000090c00000|100%| O|  |TAMS 0x0000000090b00000, 0x0000000090b00000| Untracked 
| 132|0x0000000090c00000, 0x0000000090d00000, 0x0000000090d00000|100%| O|  |TAMS 0x0000000090c00000, 0x0000000090c00000| Untracked 
| 133|0x0000000090d00000, 0x0000000090e00000, 0x0000000090e00000|100%| O|  |TAMS 0x0000000090d00000, 0x0000000090d00000| Untracked 
| 134|0x0000000090e00000, 0x0000000090f00000, 0x0000000090f00000|100%| O|  |TAMS 0x0000000090e00000, 0x0000000090e00000| Untracked 
| 135|0x0000000090f00000, 0x0000000091000000, 0x0000000091000000|100%| O|  |TAMS 0x0000000090f00000, 0x0000000090f00000| Untracked 
| 136|0x0000000091000000, 0x0000000091100000, 0x0000000091100000|100%| O|  |TAMS 0x0000000091000000, 0x0000000091000000| Untracked 
| 137|0x0000000091100000, 0x0000000091200000, 0x0000000091200000|100%| O|  |TAMS 0x0000000091100000, 0x0000000091100000| Untracked 
| 138|0x0000000091200000, 0x0000000091300000, 0x0000000091300000|100%| O|  |TAMS 0x0000000091200000, 0x0000000091200000| Untracked 
| 139|0x0000000091300000, 0x0000000091400000, 0x0000000091400000|100%| O|  |TAMS 0x0000000091300000, 0x0000000091300000| Untracked 
| 140|0x0000000091400000, 0x0000000091500000, 0x0000000091500000|100%| O|  |TAMS 0x0000000091400000, 0x0000000091400000| Untracked 
| 141|0x0000000091500000, 0x0000000091600000, 0x0000000091600000|100%| O|  |TAMS 0x0000000091500000, 0x0000000091500000| Untracked 
| 142|0x0000000091600000, 0x0000000091600000, 0x0000000091700000|  0%| F|  |TAMS 0x0000000091600000, 0x0000000091600000| Untracked 
| 143|0x0000000091700000, 0x0000000091700000, 0x0000000091800000|  0%| F|  |TAMS 0x0000000091700000, 0x0000000091700000| Untracked 
| 144|0x0000000091800000, 0x0000000091800000, 0x0000000091900000|  0%| F|  |TAMS 0x0000000091800000, 0x0000000091800000| Untracked 
| 145|0x0000000091900000, 0x0000000091900000, 0x0000000091a00000|  0%| F|  |TAMS 0x0000000091900000, 0x0000000091900000| Untracked 
| 146|0x0000000091a00000, 0x0000000091a00000, 0x0000000091b00000|  0%| F|  |TAMS 0x0000000091a00000, 0x0000000091a00000| Untracked 
| 147|0x0000000091b00000, 0x0000000091b00000, 0x0000000091c00000|  0%| F|  |TAMS 0x0000000091b00000, 0x0000000091b00000| Untracked 
| 148|0x0000000091c00000, 0x0000000091c00000, 0x0000000091d00000|  0%| F|  |TAMS 0x0000000091c00000, 0x0000000091c00000| Untracked 
| 149|0x0000000091d00000, 0x0000000091d00000, 0x0000000091e00000|  0%| F|  |TAMS 0x0000000091d00000, 0x0000000091d00000| Untracked 
| 150|0x0000000091e00000, 0x0000000091e00000, 0x0000000091f00000|  0%| F|  |TAMS 0x0000000091e00000, 0x0000000091e00000| Untracked 
| 151|0x0000000091f00000, 0x0000000091f00000, 0x0000000092000000|  0%| F|  |TAMS 0x0000000091f00000, 0x0000000091f00000| Untracked 
| 152|0x0000000092000000, 0x0000000092000000, 0x0000000092100000|  0%| F|  |TAMS 0x0000000092000000, 0x0000000092000000| Untracked 
| 153|0x0000000092100000, 0x0000000092100000, 0x0000000092200000|  0%| F|  |TAMS 0x0000000092100000, 0x0000000092100000| Untracked 
| 154|0x0000000092200000, 0x0000000092200000, 0x0000000092300000|  0%| F|  |TAMS 0x0000000092200000, 0x0000000092200000| Untracked 
| 155|0x0000000092300000, 0x0000000092300000, 0x0000000092400000|  0%| F|  |TAMS 0x0000000092300000, 0x0000000092300000| Untracked 
| 156|0x0000000092400000, 0x0000000092400000, 0x0000000092500000|  0%| F|  |TAMS 0x0000000092400000, 0x0000000092400000| Untracked 
| 157|0x0000000092500000, 0x0000000092500000, 0x0000000092600000|  0%| F|  |TAMS 0x0000000092500000, 0x0000000092500000| Untracked 
| 158|0x0000000092600000, 0x0000000092600000, 0x0000000092700000|  0%| F|  |TAMS 0x0000000092600000, 0x0000000092600000| Untracked 
| 159|0x0000000092700000, 0x0000000092700000, 0x0000000092800000|  0%| F|  |TAMS 0x0000000092700000, 0x0000000092700000| Untracked 
| 160|0x0000000092800000, 0x0000000092800000, 0x0000000092900000|  0%| F|  |TAMS 0x0000000092800000, 0x0000000092800000| Untracked 
| 161|0x0000000092900000, 0x0000000092900000, 0x0000000092a00000|  0%| F|  |TAMS 0x0000000092900000, 0x0000000092900000| Untracked 
| 162|0x0000000092a00000, 0x0000000092a00000, 0x0000000092b00000|  0%| F|  |TAMS 0x0000000092a00000, 0x0000000092a00000| Untracked 
| 163|0x0000000092b00000, 0x0000000092b00000, 0x0000000092c00000|  0%| F|  |TAMS 0x0000000092b00000, 0x0000000092b00000| Untracked 
| 164|0x0000000092c00000, 0x0000000092c00000, 0x0000000092d00000|  0%| F|  |TAMS 0x0000000092c00000, 0x0000000092c00000| Untracked 
| 165|0x0000000092d00000, 0x0000000092d00000, 0x0000000092e00000|  0%| F|  |TAMS 0x0000000092d00000, 0x0000000092d00000| Untracked 
| 166|0x0000000092e00000, 0x0000000092e00000, 0x0000000092f00000|  0%| F|  |TAMS 0x0000000092e00000, 0x0000000092e00000| Untracked 
| 167|0x0000000092f00000, 0x0000000092f00000, 0x0000000093000000|  0%| F|  |TAMS 0x0000000092f00000, 0x0000000092f00000| Untracked 
| 168|0x0000000093000000, 0x0000000093000000, 0x0000000093100000|  0%| F|  |TAMS 0x0000000093000000, 0x0000000093000000| Untracked 
| 169|0x0000000093100000, 0x0000000093100000, 0x0000000093200000|  0%| F|  |TAMS 0x0000000093100000, 0x0000000093100000| Untracked 
| 170|0x0000000093200000, 0x0000000093200000, 0x0000000093300000|  0%| F|  |TAMS 0x0000000093200000, 0x0000000093200000| Untracked 
| 171|0x0000000093300000, 0x0000000093300000, 0x0000000093400000|  0%| F|  |TAMS 0x0000000093300000, 0x0000000093300000| Untracked 
| 172|0x0000000093400000, 0x0000000093400000, 0x0000000093500000|  0%| F|  |TAMS 0x0000000093400000, 0x0000000093400000| Untracked 
| 173|0x0000000093500000, 0x0000000093500000, 0x0000000093600000|  0%| F|  |TAMS 0x0000000093500000, 0x0000000093500000| Untracked 
| 174|0x0000000093600000, 0x0000000093600000, 0x0000000093700000|  0%| F|  |TAMS 0x0000000093600000, 0x0000000093600000| Untracked 
| 175|0x0000000093700000, 0x0000000093700000, 0x0000000093800000|  0%| F|  |TAMS 0x0000000093700000, 0x0000000093700000| Untracked 
| 176|0x0000000093800000, 0x0000000093800000, 0x0000000093900000|  0%| F|  |TAMS 0x0000000093800000, 0x0000000093800000| Untracked 
| 177|0x0000000093900000, 0x0000000093900000, 0x0000000093a00000|  0%| F|  |TAMS 0x0000000093900000, 0x0000000093900000| Untracked 
| 178|0x0000000093a00000, 0x0000000093a00000, 0x0000000093b00000|  0%| F|  |TAMS 0x0000000093a00000, 0x0000000093a00000| Untracked 
| 179|0x0000000093b00000, 0x0000000093b00000, 0x0000000093c00000|  0%| F|  |TAMS 0x0000000093b00000, 0x0000000093b00000| Untracked 
| 180|0x0000000093c00000, 0x0000000093c00000, 0x0000000093d00000|  0%| F|  |TAMS 0x0000000093c00000, 0x0000000093c00000| Untracked 
| 181|0x0000000093d00000, 0x0000000093d00000, 0x0000000093e00000|  0%| F|  |TAMS 0x0000000093d00000, 0x0000000093d00000| Untracked 
| 182|0x0000000093e00000, 0x0000000093e00000, 0x0000000093f00000|  0%| F|  |TAMS 0x0000000093e00000, 0x0000000093e00000| Untracked 
| 183|0x0000000093f00000, 0x0000000093f00000, 0x0000000094000000|  0%| F|  |TAMS 0x0000000093f00000, 0x0000000093f00000| Untracked 
| 184|0x0000000094000000, 0x0000000094000000, 0x0000000094100000|  0%| F|  |TAMS 0x0000000094000000, 0x0000000094000000| Untracked 
| 185|0x0000000094100000, 0x0000000094100000, 0x0000000094200000|  0%| F|  |TAMS 0x0000000094100000, 0x0000000094100000| Untracked 
| 186|0x0000000094200000, 0x0000000094200000, 0x0000000094300000|  0%| F|  |TAMS 0x0000000094200000, 0x0000000094200000| Untracked 
| 187|0x0000000094300000, 0x0000000094300000, 0x0000000094400000|  0%| F|  |TAMS 0x0000000094300000, 0x0000000094300000| Untracked 
| 188|0x0000000094400000, 0x0000000094400000, 0x0000000094500000|  0%| F|  |TAMS 0x0000000094400000, 0x0000000094400000| Untracked 
| 189|0x0000000094500000, 0x0000000094500000, 0x0000000094600000|  0%| F|  |TAMS 0x0000000094500000, 0x0000000094500000| Untracked 
| 190|0x0000000094600000, 0x0000000094600000, 0x0000000094700000|  0%| F|  |TAMS 0x0000000094600000, 0x0000000094600000| Untracked 
| 191|0x0000000094700000, 0x0000000094700000, 0x0000000094800000|  0%| F|  |TAMS 0x0000000094700000, 0x0000000094700000| Untracked 
| 192|0x0000000094800000, 0x0000000094800000, 0x0000000094900000|  0%| F|  |TAMS 0x0000000094800000, 0x0000000094800000| Untracked 
| 193|0x0000000094900000, 0x0000000094900000, 0x0000000094a00000|  0%| F|  |TAMS 0x0000000094900000, 0x0000000094900000| Untracked 
| 194|0x0000000094a00000, 0x0000000094a00000, 0x0000000094b00000|  0%| F|  |TAMS 0x0000000094a00000, 0x0000000094a00000| Untracked 
| 195|0x0000000094b00000, 0x0000000094b00000, 0x0000000094c00000|  0%| F|  |TAMS 0x0000000094b00000, 0x0000000094b00000| Untracked 
| 196|0x0000000094c00000, 0x0000000094ca61a8, 0x0000000094d00000| 64%| S|CS|TAMS 0x0000000094c00000, 0x0000000094c00000| Complete 
| 197|0x0000000094d00000, 0x0000000094e00000, 0x0000000094e00000|100%| S|CS|TAMS 0x0000000094d00000, 0x0000000094d00000| Complete 
| 198|0x0000000094e00000, 0x0000000094f00000, 0x0000000094f00000|100%| S|CS|TAMS 0x0000000094e00000, 0x0000000094e00000| Complete 
| 199|0x0000000094f00000, 0x0000000095000000, 0x0000000095000000|100%| S|CS|TAMS 0x0000000094f00000, 0x0000000094f00000| Complete 
| 200|0x0000000095000000, 0x0000000095000000, 0x0000000095100000|  0%| F|  |TAMS 0x0000000095000000, 0x0000000095000000| Untracked 
| 201|0x0000000095100000, 0x0000000095100000, 0x0000000095200000|  0%| F|  |TAMS 0x0000000095100000, 0x0000000095100000| Untracked 
| 202|0x0000000095200000, 0x0000000095200000, 0x0000000095300000|  0%| F|  |TAMS 0x0000000095200000, 0x0000000095200000| Untracked 
| 203|0x0000000095300000, 0x0000000095300000, 0x0000000095400000|  0%| F|  |TAMS 0x0000000095300000, 0x0000000095300000| Untracked 
| 204|0x0000000095400000, 0x0000000095400000, 0x0000000095500000|  0%| F|  |TAMS 0x0000000095400000, 0x0000000095400000| Untracked 
| 205|0x0000000095500000, 0x0000000095500000, 0x0000000095600000|  0%| F|  |TAMS 0x0000000095500000, 0x0000000095500000| Untracked 
| 206|0x0000000095600000, 0x0000000095600000, 0x0000000095700000|  0%| F|  |TAMS 0x0000000095600000, 0x0000000095600000| Untracked 
| 207|0x0000000095700000, 0x0000000095700000, 0x0000000095800000|  0%| F|  |TAMS 0x0000000095700000, 0x0000000095700000| Untracked 
| 208|0x0000000095800000, 0x0000000095800000, 0x0000000095900000|  0%| F|  |TAMS 0x0000000095800000, 0x0000000095800000| Untracked 
| 209|0x0000000095900000, 0x0000000095900000, 0x0000000095a00000|  0%| F|  |TAMS 0x0000000095900000, 0x0000000095900000| Untracked 
| 210|0x0000000095a00000, 0x0000000095a00000, 0x0000000095b00000|  0%| F|  |TAMS 0x0000000095a00000, 0x0000000095a00000| Untracked 
| 211|0x0000000095b00000, 0x0000000095b00000, 0x0000000095c00000|  0%| F|  |TAMS 0x0000000095b00000, 0x0000000095b00000| Untracked 
| 212|0x0000000095c00000, 0x0000000095c00000, 0x0000000095d00000|  0%| F|  |TAMS 0x0000000095c00000, 0x0000000095c00000| Untracked 
| 213|0x0000000095d00000, 0x0000000095d00000, 0x0000000095e00000|  0%| F|  |TAMS 0x0000000095d00000, 0x0000000095d00000| Untracked 
| 214|0x0000000095e00000, 0x0000000095e00000, 0x0000000095f00000|  0%| F|  |TAMS 0x0000000095e00000, 0x0000000095e00000| Untracked 
| 215|0x0000000095f00000, 0x0000000095f00000, 0x0000000096000000|  0%| F|  |TAMS 0x0000000095f00000, 0x0000000095f00000| Untracked 
| 216|0x0000000096000000, 0x0000000096000000, 0x0000000096100000|  0%| F|  |TAMS 0x0000000096000000, 0x0000000096000000| Untracked 
| 217|0x0000000096100000, 0x0000000096100000, 0x0000000096200000|  0%| F|  |TAMS 0x0000000096100000, 0x0000000096100000| Untracked 
| 218|0x0000000096200000, 0x0000000096200000, 0x0000000096300000|  0%| F|  |TAMS 0x0000000096200000, 0x0000000096200000| Untracked 
| 219|0x0000000096300000, 0x0000000096300000, 0x0000000096400000|  0%| F|  |TAMS 0x0000000096300000, 0x0000000096300000| Untracked 
| 220|0x0000000096400000, 0x0000000096400000, 0x0000000096500000|  0%| F|  |TAMS 0x0000000096400000, 0x0000000096400000| Untracked 
| 221|0x0000000096500000, 0x0000000096500000, 0x0000000096600000|  0%| F|  |TAMS 0x0000000096500000, 0x0000000096500000| Untracked 
| 222|0x0000000096600000, 0x0000000096600000, 0x0000000096700000|  0%| F|  |TAMS 0x0000000096600000, 0x0000000096600000| Untracked 
| 223|0x0000000096700000, 0x0000000096700000, 0x0000000096800000|  0%| F|  |TAMS 0x0000000096700000, 0x0000000096700000| Untracked 
| 224|0x0000000096800000, 0x0000000096800000, 0x0000000096900000|  0%| F|  |TAMS 0x0000000096800000, 0x0000000096800000| Untracked 
| 225|0x0000000096900000, 0x0000000096900000, 0x0000000096a00000|  0%| F|  |TAMS 0x0000000096900000, 0x0000000096900000| Untracked 
| 226|0x0000000096a00000, 0x0000000096a00000, 0x0000000096b00000|  0%| F|  |TAMS 0x0000000096a00000, 0x0000000096a00000| Untracked 
| 227|0x0000000096b00000, 0x0000000096b00000, 0x0000000096c00000|  0%| F|  |TAMS 0x0000000096b00000, 0x0000000096b00000| Untracked 
| 228|0x0000000096c00000, 0x0000000096c00000, 0x0000000096d00000|  0%| F|  |TAMS 0x0000000096c00000, 0x0000000096c00000| Untracked 
| 229|0x0000000096d00000, 0x0000000096d00000, 0x0000000096e00000|  0%| F|  |TAMS 0x0000000096d00000, 0x0000000096d00000| Untracked 
| 230|0x0000000096e00000, 0x0000000096e00000, 0x0000000096f00000|  0%| F|  |TAMS 0x0000000096e00000, 0x0000000096e00000| Untracked 
| 231|0x0000000096f00000, 0x0000000096f00000, 0x0000000097000000|  0%| F|  |TAMS 0x0000000096f00000, 0x0000000096f00000| Untracked 
| 232|0x0000000097000000, 0x0000000097000000, 0x0000000097100000|  0%| F|  |TAMS 0x0000000097000000, 0x0000000097000000| Untracked 
| 233|0x0000000097100000, 0x0000000097100000, 0x0000000097200000|  0%| F|  |TAMS 0x0000000097100000, 0x0000000097100000| Untracked 
| 234|0x0000000097200000, 0x0000000097200000, 0x0000000097300000|  0%| F|  |TAMS 0x0000000097200000, 0x0000000097200000| Untracked 
| 235|0x0000000097300000, 0x0000000097300000, 0x0000000097400000|  0%| F|  |TAMS 0x0000000097300000, 0x0000000097300000| Untracked 
| 236|0x0000000097400000, 0x0000000097400000, 0x0000000097500000|  0%| F|  |TAMS 0x0000000097400000, 0x0000000097400000| Untracked 
| 237|0x0000000097500000, 0x0000000097500000, 0x0000000097600000|  0%| F|  |TAMS 0x0000000097500000, 0x0000000097500000| Untracked 
| 238|0x0000000097600000, 0x0000000097600000, 0x0000000097700000|  0%| F|  |TAMS 0x0000000097600000, 0x0000000097600000| Untracked 
| 239|0x0000000097700000, 0x0000000097700000, 0x0000000097800000|  0%| F|  |TAMS 0x0000000097700000, 0x0000000097700000| Untracked 
| 240|0x0000000097800000, 0x0000000097800000, 0x0000000097900000|  0%| F|  |TAMS 0x0000000097800000, 0x0000000097800000| Untracked 
| 241|0x0000000097900000, 0x0000000097900000, 0x0000000097a00000|  0%| F|  |TAMS 0x0000000097900000, 0x0000000097900000| Untracked 
| 242|0x0000000097a00000, 0x0000000097a00000, 0x0000000097b00000|  0%| F|  |TAMS 0x0000000097a00000, 0x0000000097a00000| Untracked 
| 243|0x0000000097b00000, 0x0000000097b00000, 0x0000000097c00000|  0%| F|  |TAMS 0x0000000097b00000, 0x0000000097b00000| Untracked 
| 244|0x0000000097c00000, 0x0000000097c00000, 0x0000000097d00000|  0%| F|  |TAMS 0x0000000097c00000, 0x0000000097c00000| Untracked 
| 245|0x0000000097d00000, 0x0000000097d00000, 0x0000000097e00000|  0%| F|  |TAMS 0x0000000097d00000, 0x0000000097d00000| Untracked 
| 246|0x0000000097e00000, 0x0000000097e00000, 0x0000000097f00000|  0%| F|  |TAMS 0x0000000097e00000, 0x0000000097e00000| Untracked 
| 247|0x0000000097f00000, 0x0000000097f00000, 0x0000000098000000|  0%| F|  |TAMS 0x0000000097f00000, 0x0000000097f00000| Untracked 
| 248|0x0000000098000000, 0x0000000098000000, 0x0000000098100000|  0%| F|  |TAMS 0x0000000098000000, 0x0000000098000000| Untracked 
| 249|0x0000000098100000, 0x0000000098100000, 0x0000000098200000|  0%| F|  |TAMS 0x0000000098100000, 0x0000000098100000| Untracked 
| 250|0x0000000098200000, 0x0000000098200000, 0x0000000098300000|  0%| F|  |TAMS 0x0000000098200000, 0x0000000098200000| Untracked 
| 251|0x0000000098300000, 0x0000000098300000, 0x0000000098400000|  0%| F|  |TAMS 0x0000000098300000, 0x0000000098300000| Untracked 
| 252|0x0000000098400000, 0x0000000098400000, 0x0000000098500000|  0%| F|  |TAMS 0x0000000098400000, 0x0000000098400000| Untracked 
| 253|0x0000000098500000, 0x0000000098500000, 0x0000000098600000|  0%| F|  |TAMS 0x0000000098500000, 0x0000000098500000| Untracked 
| 254|0x0000000098600000, 0x0000000098600000, 0x0000000098700000|  0%| F|  |TAMS 0x0000000098600000, 0x0000000098600000| Untracked 
| 255|0x0000000098700000, 0x0000000098700000, 0x0000000098800000|  0%| F|  |TAMS 0x0000000098700000, 0x0000000098700000| Untracked 
| 256|0x0000000098800000, 0x0000000098800000, 0x0000000098900000|  0%| F|  |TAMS 0x0000000098800000, 0x0000000098800000| Untracked 
| 257|0x0000000098900000, 0x0000000098900000, 0x0000000098a00000|  0%| F|  |TAMS 0x0000000098900000, 0x0000000098900000| Untracked 
| 258|0x0000000098a00000, 0x0000000098a00000, 0x0000000098b00000|  0%| F|  |TAMS 0x0000000098a00000, 0x0000000098a00000| Untracked 
| 259|0x0000000098b00000, 0x0000000098b00000, 0x0000000098c00000|  0%| F|  |TAMS 0x0000000098b00000, 0x0000000098b00000| Untracked 
| 260|0x0000000098c00000, 0x0000000098c00000, 0x0000000098d00000|  0%| F|  |TAMS 0x0000000098c00000, 0x0000000098c00000| Untracked 
| 261|0x0000000098d00000, 0x0000000098d00000, 0x0000000098e00000|  0%| F|  |TAMS 0x0000000098d00000, 0x0000000098d00000| Untracked 
| 262|0x0000000098e00000, 0x0000000098e00000, 0x0000000098f00000|  0%| F|  |TAMS 0x0000000098e00000, 0x0000000098e00000| Untracked 
| 263|0x0000000098f00000, 0x0000000098f00000, 0x0000000099000000|  0%| F|  |TAMS 0x0000000098f00000, 0x0000000098f00000| Untracked 
| 264|0x0000000099000000, 0x0000000099000000, 0x0000000099100000|  0%| F|  |TAMS 0x0000000099000000, 0x0000000099000000| Untracked 
| 265|0x0000000099100000, 0x0000000099100000, 0x0000000099200000|  0%| F|  |TAMS 0x0000000099100000, 0x0000000099100000| Untracked 
| 266|0x0000000099200000, 0x0000000099200000, 0x0000000099300000|  0%| F|  |TAMS 0x0000000099200000, 0x0000000099200000| Untracked 
| 267|0x0000000099300000, 0x0000000099300000, 0x0000000099400000|  0%| F|  |TAMS 0x0000000099300000, 0x0000000099300000| Untracked 
| 268|0x0000000099400000, 0x0000000099400000, 0x0000000099500000|  0%| F|  |TAMS 0x0000000099400000, 0x0000000099400000| Untracked 
| 269|0x0000000099500000, 0x0000000099500000, 0x0000000099600000|  0%| F|  |TAMS 0x0000000099500000, 0x0000000099500000| Untracked 
| 270|0x0000000099600000, 0x0000000099600000, 0x0000000099700000|  0%| F|  |TAMS 0x0000000099600000, 0x0000000099600000| Untracked 
| 271|0x0000000099700000, 0x0000000099700000, 0x0000000099800000|  0%| F|  |TAMS 0x0000000099700000, 0x0000000099700000| Untracked 
| 272|0x0000000099800000, 0x0000000099800000, 0x0000000099900000|  0%| F|  |TAMS 0x0000000099800000, 0x0000000099800000| Untracked 
| 273|0x0000000099900000, 0x0000000099900000, 0x0000000099a00000|  0%| F|  |TAMS 0x0000000099900000, 0x0000000099900000| Untracked 
| 274|0x0000000099a00000, 0x0000000099a00000, 0x0000000099b00000|  0%| F|  |TAMS 0x0000000099a00000, 0x0000000099a00000| Untracked 
| 275|0x0000000099b00000, 0x0000000099b00000, 0x0000000099c00000|  0%| F|  |TAMS 0x0000000099b00000, 0x0000000099b00000| Untracked 
| 276|0x0000000099c00000, 0x0000000099c00000, 0x0000000099d00000|  0%| F|  |TAMS 0x0000000099c00000, 0x0000000099c00000| Untracked 
| 277|0x0000000099d00000, 0x0000000099d00000, 0x0000000099e00000|  0%| F|  |TAMS 0x0000000099d00000, 0x0000000099d00000| Untracked 
| 278|0x0000000099e00000, 0x0000000099e00000, 0x0000000099f00000|  0%| F|  |TAMS 0x0000000099e00000, 0x0000000099e00000| Untracked 
| 279|0x0000000099f00000, 0x0000000099f00000, 0x000000009a000000|  0%| F|  |TAMS 0x0000000099f00000, 0x0000000099f00000| Untracked 

Card table byte_map: [0x0000028acaab0000,0x0000028acae70000] _byte_map_base: 0x0000028aca66c000

Marking Bits (Prev, Next): (CMBitMap*) 0x0000028abfa4fd90, (CMBitMap*) 0x0000028abfa4fd50
 Prev Bits: [0x0000028acd010000, 0x0000028acedf0000)
 Next Bits: [0x0000028acb230000, 0x0000028acd010000)

Polling page: 0x0000028abd9c0000

Metaspace:

Usage:
  Non-class:     59.61 MB used.
      Class:     10.52 MB used.
       Both:     70.13 MB used.

Virtual space:
  Non-class space:       64.00 MB reserved,      60.00 MB ( 94%) committed,  1 nodes.
      Class space:        1.00 GB reserved,      10.81 MB (  1%) committed,  1 nodes.
             Both:        1.06 GB reserved,      70.81 MB (  7%) committed. 

Chunk freelists:
   Non-Class:  3.92 MB
       Class:  5.23 MB
        Both:  9.15 MB

MaxMetaspaceSize: unlimited
CompressedClassSpaceSize: 1.00 GB
Initial GC threshold: 21.00 MB
Current GC threshold: 117.50 MB
CDS: on
MetaspaceReclaimPolicy: balanced
 - commit_granule_bytes: 65536.
 - commit_granule_words: 8192.
 - virtual_space_node_default_size: 8388608.
 - enlarge_chunks_in_place: 1.
 - new_chunks_are_fully_committed: 0.
 - uncommit_free_chunks: 1.
 - use_allocation_guard: 0.
 - handle_deallocations: 1.


Internal statistics:

num_allocs_failed_limit: 9.
num_arena_births: 954.
num_arena_deaths: 0.
num_vsnodes_births: 2.
num_vsnodes_deaths: 0.
num_space_committed: 1133.
num_space_uncommitted: 0.
num_chunks_returned_to_freelist: 9.
num_chunks_taken_from_freelist: 3683.
num_chunk_merges: 6.
num_chunk_splits: 2661.
num_chunks_enlarged: 2034.
num_inconsistent_stats: 0.

CodeCache: size=49152Kb used=13089Kb max_used=13323Kb free=36062Kb
 bounds [0x0000028ac72b0000, 0x0000028ac7fc0000, 0x0000028aca2b0000]
 total_blobs=8491 nmethods=7819 adapters=597
 compilation: enabled
              stopped_count=0, restarted_count=0
 full_count=0

Compilation events (20 events):
Event: 22.571 Thread 0x0000028ad1be91a0 7828       1       org.springframework.data.domain.Range::lambda$contains$2 (49 bytes)
Event: 22.571 Thread 0x0000028ad1be91a0 nmethod 7828 0x0000028ac77de710 code [0x0000028ac77de8c0, 0x0000028ac77dea38]
Event: 22.571 Thread 0x0000028ad1be91a0 7829       1       java.lang.invoke.LambdaForm$MH/0x0000028ad3449800::guard (98 bytes)
Event: 22.571 Thread 0x0000028ad1be91a0 nmethod 7829 0x0000028ac77ddc10 code [0x0000028ac77dde20, 0x0000028ac77de348]
Event: 22.571 Thread 0x0000028ad1be91a0 7811       1       org.springframework.data.jpa.repository.query.HqlParser$ExpressionContext::<init> (7 bytes)
Event: 22.571 Thread 0x0000028ad1be91a0 nmethod 7811 0x0000028ac77dd910 code [0x0000028ac77ddaa0, 0x0000028ac77ddbb8]
Event: 22.571 Thread 0x0000028ad1be91a0 7812       1       org.springframework.data.jpa.repository.query.HqlParser$ExpressionContext::<init> (5 bytes)
Event: 22.571 Thread 0x0000028ad1be91a0 nmethod 7812 0x0000028ac77dd610 code [0x0000028ac77dd7a0, 0x0000028ac77dd878]
Event: 22.571 Thread 0x0000028ad1be91a0 7813       1       org.springframework.data.jpa.repository.query.HqlParser$ExpressionContext::copyFrom (6 bytes)
Event: 22.571 Thread 0x0000028ad1be91a0 nmethod 7813 0x0000028ac77dd310 code [0x0000028ac77dd4a0, 0x0000028ac77dd588]
Event: 22.571 Thread 0x0000028ad1be91a0 7814       1       org.springframework.data.jpa.repository.query.HqlParser$PlainPrimaryExpressionContext::<init> (10 bytes)
Event: 22.571 Thread 0x0000028ad1be91a0 nmethod 7814 0x0000028ac77dd010 code [0x0000028ac77dd1a0, 0x0000028ac77dd288]
Event: 22.571 Thread 0x0000028ad1be91a0 7815   !   1       org.springframework.data.jpa.repository.query.HqlParser::primaryExpression (537 bytes)
Event: 22.573 Thread 0x0000028ad1be91a0 nmethod 7815 0x0000028ac77da990 code [0x0000028ac77dad60, 0x0000028ac77dc008]
Event: 22.573 Thread 0x0000028ad1be91a0 7816       1       org.springframework.data.jpa.repository.query.HqlParser$PrimaryExpressionContext::<init> (7 bytes)
Event: 22.573 Thread 0x0000028ad1be91a0 nmethod 7816 0x0000028ac77da690 code [0x0000028ac77da820, 0x0000028ac77da938]
Event: 22.573 Thread 0x0000028ad1be91a0 7830       1       org.springframework.data.jpa.repository.query.ParameterBinding::getIdentifier (5 bytes)
Event: 22.573 Thread 0x0000028ad1be91a0 nmethod 7830 0x0000028ac77da390 code [0x0000028ac77da520, 0x0000028ac77da5f8]
Event: 22.573 Thread 0x0000028ad1be91a0 7831       1       org.springframework.data.jpa.repository.query.ParameterBinding$Named::hasName (2 bytes)
Event: 22.573 Thread 0x0000028ad1be91a0 nmethod 7831 0x0000028ac77da090 code [0x0000028ac77da220, 0x0000028ac77da2f8]

GC Heap History (20 events):
Event: 19.676 GC heap after
{Heap after GC invocations=27 (full 0):
 garbage-first heap   total 169984K, used 89759K [0x0000000088800000, 0x0000000100000000)
  region size 1024K, 8 young (8192K), 8 survivors (8192K)
 Metaspace       used 71550K, committed 72192K, reserved 1114112K
  class space    used 10646K, committed 10944K, reserved 1048576K
}
Event: 19.837 GC heap before
{Heap before GC invocations=27 (full 0):
 garbage-first heap   total 169984K, used 124575K [0x0000000088800000, 0x0000000100000000)
  region size 1024K, 42 young (43008K), 8 survivors (8192K)
 Metaspace       used 71551K, committed 72192K, reserved 1114112K
  class space    used 10646K, committed 10944K, reserved 1048576K
}
Event: 19.844 GC heap after
{Heap after GC invocations=28 (full 0):
 garbage-first heap   total 169984K, used 95232K [0x0000000088800000, 0x0000000100000000)
  region size 1024K, 4 young (4096K), 4 survivors (4096K)
 Metaspace       used 71551K, committed 72192K, reserved 1114112K
  class space    used 10646K, committed 10944K, reserved 1048576K
}
Event: 19.990 GC heap before
{Heap before GC invocations=29 (full 0):
 garbage-first heap   total 169984K, used 121856K [0x0000000088800000, 0x0000000100000000)
  region size 1024K, 38 young (38912K), 4 survivors (4096K)
 Metaspace       used 71551K, committed 72192K, reserved 1114112K
  class space    used 10646K, committed 10944K, reserved 1048576K
}
Event: 19.994 GC heap after
{Heap after GC invocations=30 (full 0):
 garbage-first heap   total 169984K, used 88976K [0x0000000088800000, 0x0000000100000000)
  region size 1024K, 5 young (5120K), 5 survivors (5120K)
 Metaspace       used 71551K, committed 72192K, reserved 1114112K
  class space    used 10646K, committed 10944K, reserved 1048576K
}
Event: 20.007 GC heap before
{Heap before GC invocations=30 (full 0):
 garbage-first heap   total 169984K, used 92048K [0x0000000088800000, 0x0000000100000000)
  region size 1024K, 8 young (8192K), 5 survivors (5120K)
 Metaspace       used 71551K, committed 72192K, reserved 1114112K
  class space    used 10646K, committed 10944K, reserved 1048576K
}
Event: 20.009 GC heap after
{Heap after GC invocations=31 (full 0):
 garbage-first heap   total 169984K, used 81332K [0x0000000088800000, 0x0000000100000000)
  region size 1024K, 1 young (1024K), 1 survivors (1024K)
 Metaspace       used 71551K, committed 72192K, reserved 1114112K
  class space    used 10646K, committed 10944K, reserved 1048576K
}
Event: 20.179 GC heap before
{Heap before GC invocations=31 (full 0):
 garbage-first heap   total 169984K, used 125364K [0x0000000088800000, 0x0000000100000000)
  region size 1024K, 44 young (45056K), 1 survivors (1024K)
 Metaspace       used 71617K, committed 72256K, reserved 1114112K
  class space    used 10673K, committed 10944K, reserved 1048576K
}
Event: 20.184 GC heap after
{Heap after GC invocations=32 (full 0):
 garbage-first heap   total 286720K, used 85595K [0x0000000088800000, 0x0000000100000000)
  region size 1024K, 5 young (5120K), 5 survivors (5120K)
 Metaspace       used 71617K, committed 72256K, reserved 1114112K
  class space    used 10673K, committed 10944K, reserved 1048576K
}
Event: 20.908 GC heap before
{Heap before GC invocations=33 (full 0):
 garbage-first heap   total 286720K, used 195163K [0x0000000088800000, 0x0000000100000000)
  region size 1024K, 116 young (118784K), 5 survivors (5120K)
 Metaspace       used 71619K, committed 72256K, reserved 1114112K
  class space    used 10674K, committed 10944K, reserved 1048576K
}
Event: 20.918 GC heap after
{Heap after GC invocations=34 (full 0):
 garbage-first heap   total 286720K, used 84201K [0x0000000088800000, 0x0000000100000000)
  region size 1024K, 8 young (8192K), 8 survivors (8192K)
 Metaspace       used 71619K, committed 72256K, reserved 1114112K
  class space    used 10674K, committed 10944K, reserved 1048576K
}
Event: 20.937 GC heap before
{Heap before GC invocations=34 (full 0):
 garbage-first heap   total 286720K, used 90345K [0x0000000088800000, 0x0000000100000000)
  region size 1024K, 14 young (14336K), 8 survivors (8192K)
 Metaspace       used 71619K, committed 72256K, reserved 1114112K
  class space    used 10674K, committed 10944K, reserved 1048576K
}
Event: 20.945 GC heap after
{Heap after GC invocations=35 (full 0):
 garbage-first heap   total 286720K, used 67493K [0x0000000088800000, 0x0000000100000000)
  region size 1024K, 2 young (2048K), 2 survivors (2048K)
 Metaspace       used 71619K, committed 72256K, reserved 1114112K
  class space    used 10674K, committed 10944K, reserved 1048576K
}
Event: 21.622 GC heap before
{Heap before GC invocations=35 (full 0):
 garbage-first heap   total 286720K, used 223141K [0x0000000088800000, 0x0000000100000000)
  region size 1024K, 152 young (155648K), 2 survivors (2048K)
 Metaspace       used 71634K, committed 72384K, reserved 1114112K
  class space    used 10676K, committed 11008K, reserved 1048576K
}
Event: 21.653 GC heap after
{Heap after GC invocations=36 (full 0):
 garbage-first heap   total 286720K, used 121225K [0x0000000088800000, 0x0000000100000000)
  region size 1024K, 19 young (19456K), 19 survivors (19456K)
 Metaspace       used 71634K, committed 72384K, reserved 1114112K
  class space    used 10676K, committed 11008K, reserved 1048576K
}
Event: 22.152 GC heap before
{Heap before GC invocations=36 (full 0):
 garbage-first heap   total 286720K, used 210313K [0x0000000088800000, 0x0000000100000000)
  region size 1024K, 104 young (106496K), 19 survivors (19456K)
 Metaspace       used 71652K, committed 72384K, reserved 1114112K
  class space    used 10681K, committed 11008K, reserved 1048576K
}
Event: 22.170 GC heap after
{Heap after GC invocations=37 (full 0):
 garbage-first heap   total 286720K, used 139264K [0x0000000088800000, 0x0000000100000000)
  region size 1024K, 13 young (13312K), 13 survivors (13312K)
 Metaspace       used 71652K, committed 72384K, reserved 1114112K
  class space    used 10681K, committed 11008K, reserved 1048576K
}
Event: 22.412 GC heap before
{Heap before GC invocations=37 (full 0):
 garbage-first heap   total 286720K, used 215040K [0x0000000088800000, 0x0000000100000000)
  region size 1024K, 87 young (89088K), 13 survivors (13312K)
 Metaspace       used 71654K, committed 72384K, reserved 1114112K
  class space    used 10681K, committed 11008K, reserved 1048576K
}
Event: 22.420 GC heap after
{Heap after GC invocations=38 (full 0):
 garbage-first heap   total 286720K, used 144032K [0x0000000088800000, 0x0000000100000000)
  region size 1024K, 4 young (4096K), 4 survivors (4096K)
 Metaspace       used 71654K, committed 72384K, reserved 1114112K
  class space    used 10681K, committed 11008K, reserved 1048576K
}
Event: 22.609 GC heap before
{Heap before GC invocations=38 (full 0):
 garbage-first heap   total 286720K, used 221856K [0x0000000088800000, 0x0000000100000000)
  region size 1024K, 80 young (81920K), 4 survivors (4096K)
 Metaspace       used 71808K, committed 72512K, reserved 1114112K
  class space    used 10768K, committed 11072K, reserved 1048576K
}

Deoptimization events (4 events):
Event: 9.963 Thread 0x0000028abf9f57e0 DEOPT PACKING pc=0x0000028ac768c881 sp=0x000000a7d81f8ed0
Event: 9.963 Thread 0x0000028abf9f57e0 DEOPT UNPACKING pc=0x0000028ac7302b43 sp=0x000000a7d81f8360 mode 3
Event: 9.963 Thread 0x0000028b1872c8e0 DEOPT PACKING pc=0x0000028ac760fd97 sp=0x000000a7da7ff220
Event: 9.963 Thread 0x0000028b1872c8e0 DEOPT UNPACKING pc=0x0000028ac7302b43 sp=0x000000a7da7fe678 mode 3

Classes unloaded (0 events):
No events

Classes redefined (0 events):
No events

Internal exceptions (20 events):
Event: 16.179 Thread 0x0000028abf9f57e0 Exception <a 'java/lang/IncompatibleClassChangeError'{0x000000008b6f0178}: Found class java.lang.Object, but interface was expected> (0x000000008b6f0178) 
thrown [s\open\src\hotspot\share\interpreter\linkResolver.cpp, line 826]
Event: 16.314 Thread 0x0000028abf9f57e0 Exception <a 'java/lang/NoSuchMethodError'{0x000000008ffd3600}: 'java.lang.Object java.lang.invoke.DirectMethodHandle$Holder.invokeStatic(java.lang.Object, int, java.lang.Object)'> (0x000000008ffd3600) 
thrown [s\open\src\hotspot\share\interpreter\linkResolver.cpp, line 759]
Event: 16.326 Thread 0x0000028abf9f57e0 Exception <a 'java/lang/reflect/InvocationTargetException'{0x000000008da406d0}> (0x000000008da406d0) 
thrown [s\open\src\hotspot\share\runtime\reflection.cpp, line 1121]
Event: 17.455 Thread 0x0000028abf9f57e0 Exception <a 'java/lang/reflect/InvocationTargetException'{0x00000000908f1aa8}> (0x00000000908f1aa8) 
thrown [s\open\src\hotspot\share\runtime\reflection.cpp, line 1121]
Event: 17.458 Thread 0x0000028abf9f57e0 Exception <a 'java/lang/reflect/InvocationTargetException'{0x00000000907003b8}> (0x00000000907003b8) 
thrown [s\open\src\hotspot\share\runtime\reflection.cpp, line 1121]
Event: 17.545 Thread 0x0000028abf9f57e0 Exception <a 'java/lang/reflect/InvocationTargetException'{0x000000009027d580}> (0x000000009027d580) 
thrown [s\open\src\hotspot\share\runtime\reflection.cpp, line 1121]
Event: 17.985 Thread 0x0000028abf9f57e0 Exception <a 'java/lang/reflect/InvocationTargetException'{0x000000008f91e840}> (0x000000008f91e840) 
thrown [s\open\src\hotspot\share\runtime\reflection.cpp, line 1121]
Event: 18.093 Thread 0x0000028abf9f57e0 Exception <a 'java/lang/NoSuchMethodError'{0x000000008f56c4f8}: 'long java.lang.invoke.DirectMethodHandle$Holder.invokeVirtual(java.lang.Object, java.lang.Object)'> (0x000000008f56c4f8) 
thrown [s\open\src\hotspot\share\interpreter\linkResolver.cpp, line 759]
Event: 18.158 Thread 0x0000028abf9f57e0 Exception <a 'java/lang/NoSuchMethodError'{0x000000008f35c028}: 'void java.lang.invoke.DirectMethodHandle$Holder.invokeVirtual(java.lang.Object, java.lang.Object, long)'> (0x000000008f35c028) 
thrown [s\open\src\hotspot\share\interpreter\linkResolver.cpp, line 759]
Event: 18.208 Thread 0x0000028abf9f57e0 Exception <a 'java/lang/reflect/InvocationTargetException'{0x000000008f044c50}> (0x000000008f044c50) 
thrown [s\open\src\hotspot\share\runtime\reflection.cpp, line 1121]
Event: 18.641 Thread 0x0000028b185d43a0 Exception <a 'java/lang/NoSuchMethodError'{0x0000000090e56060}: static [Ljava/lang/StackTraceElement;.<clinit>()V> (0x0000000090e56060) 
thrown [s\open\src\hotspot\share\prims\jni.cpp, line 1112]
Event: 20.143 Thread 0x0000028abf9f57e0 Exception <a 'java/lang/reflect/InvocationTargetException'{0x0000000090ce5d58}> (0x0000000090ce5d58) 
thrown [s\open\src\hotspot\share\runtime\reflection.cpp, line 1121]
Event: 20.147 Thread 0x0000028abf9f57e0 Exception <a 'java/lang/reflect/InvocationTargetException'{0x0000000090cfbfc8}> (0x0000000090cfbfc8) 
thrown [s\open\src\hotspot\share\runtime\reflection.cpp, line 1121]
Event: 22.089 Thread 0x0000028abf9f57e0 Exception <a 'java/lang/reflect/InvocationTargetException'{0x0000000095bf4858}> (0x0000000095bf4858) 
thrown [s\open\src\hotspot\share\runtime\reflection.cpp, line 1121]
Event: 22.104 Thread 0x0000028abf9f57e0 Exception <a 'java/lang/reflect/InvocationTargetException'{0x000000009577a998}> (0x000000009577a998) 
thrown [s\open\src\hotspot\share\runtime\reflection.cpp, line 1121]
Event: 22.521 Thread 0x0000028abf9f57e0 Exception <a 'java/lang/reflect/InvocationTargetException'{0x00000000979e4310}> (0x00000000979e4310) 
thrown [s\open\src\hotspot\share\runtime\reflection.cpp, line 1121]
Event: 22.553 Thread 0x0000028abf9f57e0 Exception <a 'java/lang/reflect/InvocationTargetException'{0x0000000096c49070}> (0x0000000096c49070) 
thrown [s\open\src\hotspot\share\runtime\reflection.cpp, line 1121]
Event: 22.556 Thread 0x0000028abf9f57e0 Exception <a 'java/lang/reflect/InvocationTargetException'{0x0000000096c616a0}> (0x0000000096c616a0) 
thrown [s\open\src\hotspot\share\runtime\reflection.cpp, line 1121]
Event: 22.557 Thread 0x0000028abf9f57e0 Exception <a 'java/lang/reflect/InvocationTargetException'{0x0000000096c762b8}> (0x0000000096c762b8) 
thrown [s\open\src\hotspot\share\runtime\reflection.cpp, line 1121]
Event: 22.559 Thread 0x0000028abf9f57e0 Exception <a 'java/lang/reflect/InvocationTargetException'{0x0000000096c8f8a0}> (0x0000000096c8f8a0) 
thrown [s\open\src\hotspot\share\runtime\reflection.cpp, line 1121]

VM Operations (20 events):
Event: 19.994 Executing VM operation: G1CollectForAllocation done
Event: 20.007 Executing VM operation: G1CollectForAllocation
Event: 20.010 Executing VM operation: G1CollectForAllocation done
Event: 20.179 Executing VM operation: G1CollectForAllocation
Event: 20.184 Executing VM operation: G1CollectForAllocation done
Event: 20.217 Executing VM operation: G1Concurrent
Event: 20.222 Executing VM operation: G1Concurrent done
Event: 20.236 Executing VM operation: G1Concurrent
Event: 20.236 Executing VM operation: G1Concurrent done
Event: 20.908 Executing VM operation: G1CollectForAllocation
Event: 20.918 Executing VM operation: G1CollectForAllocation done
Event: 20.937 Executing VM operation: G1CollectForAllocation
Event: 20.945 Executing VM operation: G1CollectForAllocation done
Event: 21.622 Executing VM operation: G1CollectForAllocation
Event: 21.653 Executing VM operation: G1CollectForAllocation done
Event: 22.152 Executing VM operation: G1CollectForAllocation
Event: 22.170 Executing VM operation: G1CollectForAllocation done
Event: 22.412 Executing VM operation: G1CollectForAllocation
Event: 22.420 Executing VM operation: G1CollectForAllocation done
Event: 22.609 Executing VM operation: G1CollectForAllocation

Events (20 events):
Event: 18.767 loading class java/rmi/server/UnicastRemoteObject done
Event: 18.767 Thread 0x0000028b18ca83d0 Thread exited: 0x0000028b18ca83d0
Event: 19.289 Thread 0x0000028b18ca6570 Thread added: 0x0000028b18ca6570
Event: 19.293 Thread 0x0000028b18288080 Thread exited: 0x0000028b18288080
Event: 19.304 Thread 0x0000028b18ca6570 Thread exited: 0x0000028b18ca6570
Event: 19.848 Thread 0x0000028b18ca9810 Thread added: 0x0000028b18ca9810
Event: 19.850 Thread 0x0000028b18ca83d0 Thread added: 0x0000028b18ca83d0
Event: 19.861 Thread 0x0000028b18ca83d0 Thread exited: 0x0000028b18ca83d0
Event: 20.148 loading class java/lang/invoke/MethodHandleImpl$CountingWrapper$1
Event: 20.148 loading class java/lang/invoke/MethodHandleImpl$CountingWrapper$1 done
Event: 20.367 Thread 0x0000028b18ca7ec0 Thread added: 0x0000028b18ca7ec0
Event: 20.375 Thread 0x0000028b18ca7ec0 Thread exited: 0x0000028b18ca7ec0
Event: 20.881 Thread 0x0000028b18ca6060 Thread added: 0x0000028b18ca6060
Event: 20.895 Thread 0x0000028b18ca6060 Thread exited: 0x0000028b18ca6060
Event: 21.401 Thread 0x0000028b18ca83d0 Thread added: 0x0000028b18ca83d0
Event: 21.416 Thread 0x0000028b18ca83d0 Thread exited: 0x0000028b18ca83d0
Event: 21.922 Thread 0x0000028b18ca74a0 Thread added: 0x0000028b18ca74a0
Event: 21.932 Thread 0x0000028b18ca74a0 Thread exited: 0x0000028b18ca74a0
Event: 22.436 Thread 0x0000028b18ca6060 Thread added: 0x0000028b18ca6060
Event: 22.441 Thread 0x0000028b18ca6060 Thread exited: 0x0000028b18ca6060


Dynamic libraries:
0x00007ff6c5210000 - 0x00007ff6c5220000 	C:\Program Files\Java\jdk-17\bin\java.exe
0x00007ff867ab0000 - 0x00007ff867ca8000 	C:\Windows\SYSTEM32\ntdll.dll
0x00007ff865e10000 - 0x00007ff865ed2000 	C:\Windows\System32\KERNEL32.DLL
0x00007ff865190000 - 0x00007ff865486000 	C:\Windows\System32\KERNELBASE.dll
0x00007ff8659a0000 - 0x00007ff865aa0000 	C:\Windows\System32\ucrtbase.dll
0x00007ff860830000 - 0x00007ff860849000 	C:\Program Files\Java\jdk-17\bin\jli.dll
0x00007ff860850000 - 0x00007ff86086b000 	C:\Program Files\Java\jdk-17\bin\VCRUNTIME140.dll
0x00007ff8678b0000 - 0x00007ff867961000 	C:\Windows\System32\ADVAPI32.dll
0x00007ff8666c0000 - 0x00007ff86675e000 	C:\Windows\System32\msvcrt.dll
0x00007ff866a30000 - 0x00007ff866acf000 	C:\Windows\System32\sechost.dll
0x00007ff865cf0000 - 0x00007ff865e10000 	C:\Windows\System32\RPCRT4.dll
0x00007ff865aa0000 - 0x00007ff865ac7000 	C:\Windows\System32\bcrypt.dll
0x00007ff8662a0000 - 0x00007ff866441000 	C:\Windows\System32\USER32.dll
0x00007ff865490000 - 0x00007ff8654b2000 	C:\Windows\System32\win32u.dll
0x00007ff867970000 - 0x00007ff86799b000 	C:\Windows\System32\GDI32.dll
0x00007ff865550000 - 0x00007ff865669000 	C:\Windows\System32\gdi32full.dll
0x00007ff846f20000 - 0x00007ff8471bb000 	C:\Windows\WinSxS\amd64_microsoft.windows.common-controls_6595b64144ccf1df_6.0.19041.6456_none_60b8a6cb71f64256\COMCTL32.dll
0x00007ff865670000 - 0x00007ff86570d000 	C:\Windows\System32\msvcp_win.dll
0x00007ff85beb0000 - 0x00007ff85beba000 	C:\Windows\SYSTEM32\VERSION.dll
0x00007ff865cc0000 - 0x00007ff865cef000 	C:\Windows\System32\IMM32.DLL
0x00007ff860800000 - 0x00007ff86080c000 	C:\Program Files\Java\jdk-17\bin\vcruntime140_1.dll
0x00007ff833a80000 - 0x00007ff833b0e000 	C:\Program Files\Java\jdk-17\bin\msvcp140.dll
0x00007ffffedf0000 - 0x00007fffff9d0000 	C:\Program Files\Java\jdk-17\bin\server\jvm.dll
0x00007ff867070000 - 0x00007ff867078000 	C:\Windows\System32\PSAPI.DLL
0x00007ff801e90000 - 0x00007ff801e99000 	C:\Windows\SYSTEM32\WSOCK32.dll
0x00007ff867000000 - 0x00007ff86706b000 	C:\Windows\System32\WS2_32.dll
0x00007ff84a9d0000 - 0x00007ff84a9f7000 	C:\Windows\SYSTEM32\WINMM.dll
0x00007ff863ae0000 - 0x00007ff863af2000 	C:\Windows\SYSTEM32\kernel.appcore.dll
0x00007ff8607f0000 - 0x00007ff8607fa000 	C:\Program Files\Java\jdk-17\bin\jimage.dll
0x00007ff8632e0000 - 0x00007ff8634e1000 	C:\Windows\SYSTEM32\DBGHELP.DLL
0x00007ff835f30000 - 0x00007ff835f64000 	C:\Windows\SYSTEM32\dbgcore.DLL
0x00007ff8654c0000 - 0x00007ff865542000 	C:\Windows\System32\bcryptPrimitives.dll
0x00007ff8607e0000 - 0x00007ff8607ee000 	C:\Program Files\Java\jdk-17\bin\instrument.dll
0x00007ff845590000 - 0x00007ff8455b5000 	C:\Program Files\Java\jdk-17\bin\java.dll
0x00007ff832bc0000 - 0x00007ff832c97000 	C:\Program Files\Java\jdk-17\bin\jsvml.dll
0x00007ff8670e0000 - 0x00007ff867850000 	C:\Windows\System32\SHELL32.dll
0x00007ff862a60000 - 0x00007ff863205000 	C:\Windows\SYSTEM32\windows.storage.dll
0x00007ff865ee0000 - 0x00007ff866234000 	C:\Windows\System32\combase.dll
0x00007ff8649b0000 - 0x00007ff8649db000 	C:\Windows\SYSTEM32\Wldp.dll
0x00007ff8679a0000 - 0x00007ff867a6d000 	C:\Windows\System32\OLEAUT32.dll
0x00007ff866610000 - 0x00007ff8666bd000 	C:\Windows\System32\SHCORE.dll
0x00007ff865ad0000 - 0x00007ff865b2b000 	C:\Windows\System32\shlwapi.dll
0x00007ff865070000 - 0x00007ff865094000 	C:\Windows\SYSTEM32\profapi.dll
0x00007ff85ff00000 - 0x00007ff85ff18000 	C:\Program Files\Java\jdk-17\bin\zip.dll
0x00007ff8607c0000 - 0x00007ff8607d9000 	C:\Program Files\Java\jdk-17\bin\net.dll
0x00007ff861260000 - 0x00007ff86136a000 	C:\Windows\SYSTEM32\WINHTTP.dll
0x00007ff864790000 - 0x00007ff8647fa000 	C:\Windows\system32\mswsock.dll
0x00007ff860760000 - 0x00007ff860776000 	C:\Program Files\Java\jdk-17\bin\nio.dll
0x00007ff8644d0000 - 0x00007ff86459a000 	C:\Windows\SYSTEM32\DNSAPI.dll
0x00007ff864490000 - 0x00007ff8644cb000 	C:\Windows\SYSTEM32\IPHLPAPI.DLL
0x00007ff866ff0000 - 0x00007ff866ff8000 	C:\Windows\System32\NSI.dll
0x00007ff85f530000 - 0x00007ff85f53a000 	C:\Windows\System32\rasadhlp.dll
0x00007ff861010000 - 0x00007ff861090000 	C:\Windows\System32\fwpuclnt.dll
0x00007ff860790000 - 0x00007ff86079a000 	C:\Program Files\Java\jdk-17\bin\management.dll
0x00007ff860260000 - 0x00007ff86026b000 	C:\Program Files\Java\jdk-17\bin\management_ext.dll
0x00007ff8649f0000 - 0x00007ff864a08000 	C:\Windows\SYSTEM32\CRYPTSP.dll
0x00007ff8640d0000 - 0x00007ff864108000 	C:\Windows\system32\rsaenh.dll
0x00007ff864ff0000 - 0x00007ff86501e000 	C:\Windows\SYSTEM32\USERENV.dll
0x00007ff864920000 - 0x00007ff86492c000 	C:\Windows\SYSTEM32\CRYPTBASE.dll
0x00007ff860ce0000 - 0x00007ff860cf7000 	C:\Windows\SYSTEM32\dhcpcsvc6.DLL
0x00007ff860cc0000 - 0x00007ff860cdd000 	C:\Windows\SYSTEM32\dhcpcsvc.DLL
0x00007ff835760000 - 0x00007ff835777000 	C:\Windows\system32\napinsp.dll
0x00007ff8357f0000 - 0x00007ff83580b000 	C:\Windows\system32\pnrpnsp.dll
0x00007ff8614a0000 - 0x00007ff8614bd000 	C:\Windows\system32\wshbth.dll
0x00007ff861370000 - 0x00007ff86138d000 	C:\Windows\system32\NLAapi.dll
0x00007ff8362e0000 - 0x00007ff8362f2000 	C:\Windows\System32\winrnr.dll
0x00007ff85fee0000 - 0x00007ff85feee000 	C:\Program Files\Java\jdk-17\bin\sunmscapi.dll
0x00007ff865710000 - 0x00007ff86586d000 	C:\Windows\System32\CRYPT32.dll
0x00007ff864b70000 - 0x00007ff864b97000 	C:\Windows\SYSTEM32\ncrypt.dll
0x00007ff864b30000 - 0x00007ff864b6b000 	C:\Windows\SYSTEM32\NTASN1.dll
0x00007ff83b250000 - 0x00007ff83b2a1000 	C:\Windows\SYSTEM32\pdh.dll
0x00007ff845a20000 - 0x00007ff845a2f000 	C:\Windows\System32\perfproc.dll
0x00007ff835670000 - 0x00007ff83567f000 	C:\Windows\System32\perfos.dll

dbghelp: loaded successfully - version: 4.0.5 - missing functions: none
symbol engine: initialized successfully - sym options: 0x614 - pdb path: .;C:\Program Files\Java\jdk-17\bin;C:\Windows\SYSTEM32;C:\Windows\WinSxS\amd64_microsoft.windows.common-controls_6595b64144ccf1df_6.0.19041.6456_none_60b8a6cb71f64256;C:\Program Files\Java\jdk-17\bin\server

VM Arguments:
jvm_args: -XX:TieredStopAtLevel=1 -Dspring.output.ansi.enabled=always -Dcom.sun.management.jmxremote -Dspring.jmx.enabled=true -Dspring.liveBeansView.mbeanDomain -Dspring.application.admin.enabled=true -Dmanagement.endpoints.jmx.exposure.include=* -javaagent:C:\Program Files\JetBrains\IntelliJ IDEA 2025.2.1\lib\idea_rt.jar=59702 -Dfile.encoding=UTF-8 
java_command: tn.sage.rh.RhApplication
java_class_path (initial): C:\Users\w.boujlida\Desktop\Baha-dev\rh-main\rh\backend\target\classes;C:\Users\w.boujlida\.m2\repository\org\springframework\boot\spring-boot-starter-data-jpa\3.5.7\spring-boot-starter-data-jpa-3.5.7.jar;C:\Users\w.boujlida\.m2\repository\org\springframework\boot\spring-boot-starter\3.5.7\spring-boot-starter-3.5.7.jar;C:\Users\w.boujlida\.m2\repository\org\springframework\boot\spring-boot\3.5.7\spring-boot-3.5.7.jar;C:\Users\w.boujlida\.m2\repository\org\springframework\boot\spring-boot-autoconfigure\3.5.7\spring-boot-autoconfigure-3.5.7.jar;C:\Users\w.boujlida\.m2\repository\org\springframework\boot\spring-boot-starter-logging\3.5.7\spring-boot-starter-logging-3.5.7.jar;C:\Users\w.boujlida\.m2\repository\ch\qos\logback\logback-classic\1.5.20\logback-classic-1.5.20.jar;C:\Users\w.boujlida\.m2\repository\ch\qos\logback\logback-core\1.5.20\logback-core-1.5.20.jar;C:\Users\w.boujlida\.m2\repository\org\apache\logging\log4j\log4j-to-slf4j\2.24.3\log4j-to-slf4j-2.24.3.jar;C:\Users\w.boujlida\.m2\repository\org\apache\logging\log4j\log4j-api\2.24.3\log4j-api-2.24.3.jar;C:\Users\w.boujlida\.m2\repository\org\slf4j\jul-to-slf4j\2.0.17\jul-to-slf4j-2.0.17.jar;C:\Users\w.boujlida\.m2\repository\jakarta\annotation\jakarta.annotation-api\2.1.1\jakarta.annotation-api-2.1.1.jar;C:\Users\w.boujlida\.m2\repository\org\yaml\snakeyaml\2.4\snakeyaml-2.4.jar;C:\Users\w.boujlida\.m2\repository\org\springframework\boot\spring-boot-starter-jdbc\3.5.7\spring-boot-starter-jdbc-3.5.7.jar;C:\Users\w.boujlida\.m2\repository\com\zaxxer\HikariCP\6.3.3\HikariCP-6.3.3.jar;C:\Users\w.boujlida\.m2\repository\org\springframework\spring-jdbc\6.2.12\spring-jdbc-6.2.12.jar;C:\Users\w.boujlida\.m2\repository\org\hibernate\orm\hibernate-core\6.6.33.Final\hibernate-core-6.6.33.Final.jar;C:\Users\w.boujlida\.m2\repository\jakarta\persistence\jakarta.persistence-api\3.1.0\jakarta.persistence-api-3.1.0.jar;C:\Users\w.boujlida\.m2\repository\jakarta\transaction\jakarta.transaction
Launcher Type: SUN_STANDARD

[Global flags]
     intx CICompilerCount                          = 4                                         {product} {ergonomic}
     uint ConcGCThreads                            = 3                                         {product} {ergonomic}
     uint G1ConcRefinementThreads                  = 11                                        {product} {ergonomic}
   size_t G1HeapRegionSize                         = 1048576                                   {product} {ergonomic}
    uintx GCDrainStackTargetSize                   = 64                                        {product} {ergonomic}
   size_t InitialHeapSize                          = 125829120                                 {product} {ergonomic}
     bool ManagementServer                         = true                                      {product} {command line}
   size_t MarkStackSize                            = 4194304                                   {product} {ergonomic}
   size_t MaxHeapSize                              = 2004877312                                {product} {ergonomic}
   size_t MaxNewSize                               = 1202716672                                {product} {ergonomic}
   size_t MinHeapDeltaBytes                        = 1048576                                   {product} {ergonomic}
   size_t MinHeapSize                              = 8388608                                   {product} {ergonomic}
    uintx NonProfiledCodeHeapSize                  = 0                                      {pd product} {ergonomic}
     bool ProfileInterpreter                       = false                                  {pd product} {command line}
    uintx ProfiledCodeHeapSize                     = 0                                      {pd product} {ergonomic}
   size_t SoftMaxHeapSize                          = 2004877312                             {manageable} {ergonomic}
     intx TieredStopAtLevel                        = 1                                         {product} {command line}
     bool UseCompressedClassPointers               = true                           {product lp64_product} {ergonomic}
     bool UseCompressedOops                        = true                           {product lp64_product} {ergonomic}
     bool UseG1GC                                  = true                                      {product} {ergonomic}
     bool UseLargePagesIndividualAllocation        = false                                  {pd product} {ergonomic}

Logging:
Log output configuration:
 #0: stdout all=warning uptime,level,tags
 #1: stderr all=off uptime,level,tags

Environment Variables:
PATH=C:\Program Files\Oracle Client for Microsoft Tools\;C:\Program Files\Common Files\Oracle\Java\javapath;C:\Windows\system32;C:\Windows;C:\Windows\System32\Wbem;C:\Windows\System32\WindowsPowerShell\v1.0\;C:\Windows\System32\OpenSSH\;C:\Program Files\Docker\Docker\resources\bin;C:\Users\Administrator\AppData\Local\nvm;C:\nvm4w\nodejs;C:\Users\w.boujlida\.local\bin;C:\Users\w.boujlida\AppData\Local\Microsoft\WindowsApps;C:\Users\w.boujlida\AppData\Local\Programs\Git\cmd;C:\Users\w.boujlida\AppData\Local\Programs\Microsoft VS Code\bin
USERNAME=w.boujlida
OS=Windows_NT
PROCESSOR_IDENTIFIER=Intel64 Family 6 Model 170 Stepping 4, GenuineIntel



---------------  S Y S T E M  ---------------

OS:
 Windows 10 , 64 bit Build 19041 (10.0.19041.5915)
OS uptime: 3 days 2:58 hours
Hyper-V role detected

CPU: total 14 (initial active 14) (7 cores per cpu, 2 threads per core) family 6 model 170 stepping 4 microcode 0x28, cx8, cmov, fxsr, ht, mmx, 3dnowpref, sse, sse2, sse3, ssse3, sse4.1, sse4.2, popcnt, lzcnt, tsc, tscinvbit, avx, avx2, aes, erms, clmul, bmi1, bmi2, adx, sha, fma, vzeroupper, clflush, clflushopt, clwb, hv

Memory: 4k page, system-wide physical 7644M (125M free)
TotalPageFile size 31196M (AvailPageFile size 196M)
current process WorkingSet (physical memory assigned to process): 380M, peak: 382M
current process commit charge ("private bytes"): 501M, peak: 781M

vm_info: Java HotSpot(TM) 64-Bit Server VM (17.0.12+8-LTS-286) for windows-amd64 JRE (17.0.12+8-LTS-286), built on Jun  5 2024 06:46:59 by "mach5one" with MS VC++ 17.6 (VS2022)

END.
